Device info:emulator
Build info:emulator 6.0.0.129(DEVC00E129R4P11)
Fingerprint:1463f405bf51eaa4546bd90a04d1948ae98954158329b6882a128bc886b148f1
Timestamp:2026-01-23 21:01:52.833
Module name:com.example.nwpucampus
Version:1.0.0
VersionCode:1000000
PreInstalled:No
Foreground:Yes
Pid:6724
Uid:20020059
Process life time:99s
Process Memory(kB): 270127(Rss)
Device Memory(kB): Total 4025356, Free 1925384, Available 2514776
Page switch history:
  21:01:48.785 :enters foreground
Reason:TypeError
Error name:TypeError
Error message:Cannot read property injectOsmToWeb of undefined
Stacktrace:
    at onWebPageEnd entry (entry/src/main/ets/pages/Index.ets:212:10)

HiLog:
01-23 21:01:50.181  6724  6724 I C0391c/AceFocus: [(100000:100000:scope)] view: page/2 show
01-23 21:01:50.181  6724  6724 I C03922/AceNavigation: [(100000:100000:scope)] can't find inner navigation
01-23 21:01:50.182  6724  6724 I C03933/AceKeyboard: [(100000:100000:scope)] StageManager FrameNode notNeedSoftKeyboard.
01-23 21:01:50.182  6724  6724 I C03933/AceKeyboard: [(100000:100000:scope)] Container not SceneBoardWindow.
01-23 21:01:50.182  6724  6724 I C03925/AceRouter: [(100000:100000:scope)] LoadPage Success
01-23 21:01:50.183  6724  6724 I C0392a/AceUiExtensionComponent: [(-2:100000:singleton)] NotifyWindowMode aliveUIExtensions = 0
01-23 21:01:50.183  6724  6724 I C0394e/AceWindow: [(100000:100000:scope)] Update displayWindowRect in UpdateViewportConfig to : Rect (0.00, 0.00) - [1320.00 x 2856.00]
01-23 21:01:50.183  6724  6724 I C03917/AceSafeArea: [(100000:100000:scope)] SetIsFullScreen 1
01-23 21:01:50.184  6724  6724 I C03900/Ace: [(100000:100000:scope)] Root node request first frame.
01-23 21:01:50.184  6724  6724 I C03900/Ace: [(100000:100000:scope)] Update application state , state: ON_ACTIVE
01-23 21:01:50.185  6724  6724 I C01d02/accessibility_asacfwk: [(SubscribeStateObserver:551)]Observer has subscribed!
01-23 21:01:50.186  6724  6724 I C01d02/accessibility_asacfwk: [(SubscribeStateObserver:551)]Observer has subscribed!
01-23 21:01:50.186  6724  6724 I C01d02/accessibility_asacfwk: [(SubscribeStateObserver:551)]Observer has subscribed!
01-23 21:01:50.186  6724  6724 I C0391c/AceFocus: [(100000:100000:scope)] Window: 46 get focus.
01-23 21:01:50.186  6724  6724 I C03900/Ace: [(100000:100000:scope)] Update application state , state: ON_ACTIVE
01-23 21:01:50.187  6724  6724 I C01d02/accessibility_asacfwk: [(SubscribeStateObserver:551)]Observer has subscribed!
01-23 21:01:50.187  6724  6724 I C01d02/accessibility_asacfwk: [(SubscribeStateObserver:551)]Observer has subscribed!
01-23 21:01:50.187  6724  6724 I C01d02/accessibility_asacfwk: [(SubscribeStateObserver:551)]Observer has subscribed!
01-23 21:01:50.188  6724  6724 I C01356/Recovery: [app_recovery468]fileDir: /data/storage/el2/base/files
01-23 21:01:50.188  6724  6724 W C04202/WMSMain: OnVsyncTimeOut: in
01-23 21:01:50.202  6724  6724 I C04500/webview: GetArkwebLibPath: get arkweb lib path: /data/storage/el1/bundle/arkwebcore/libs/x86_64
01-23 21:01:50.202  6724  6724 I C04500/webview: GetArkwebNameSpace: get arkweb name space: nweb_ns
01-23 21:01:50.202  6724  6724 E C04500/webview: ArkWebBridgeHelperLoadLibFile: dlns_create failed for '/data/storage/el1/bundle/arkwebcore/libs/x86_64': Invalid argument (errno=17)
01-23 21:01:50.202  6724  6724 I C04500/webview: ArkWebBridgeHelperLoadLibFile: succeed to load lib file /data/storage/el1/bundle/arkwebcore/libs/x86_64/libarkweb_engine.so
01-23 21:01:50.202  6724  6724 I C04500/webview: ArkWebBridgeHelperSharedInit: g_webEngineInitFlag set to true. setActiveWebEngineVersion will be ignored.
01-23 21:01:50.204  6724  6724 I C02c03/PARAM_WATCHER: Add watcher keyPrefix web.debug.trace remoteWatcherId 94 success
01-23 21:01:50.205  6724  6724 I C02c03/PARAM_WATCHER: Add watcher keyPrefix web.render.dump remoteWatcherId 94 success
01-23 21:01:50.205  6724  6724 I C04500/webadapter: AttachSysPropObserver: properties key invalid in attach
01-23 21:01:50.205  6724  8281 I C04500/webadapter: DispatchAllWatcherInfo: no observers in this key: web.debug.trace
01-23 21:01:50.206  6724  6724 I A04500/chromium: [hitrace_adapter_impl.cpp:97] hitrace enableflags: 0
01-23 21:01:50.206  6724  6724 I A04500/chromium: [nweb_impl.cc:1019] CreateNWeb NWebId: 1, size 1*1, enhance surface 0
01-23 21:01:50.206  6724  6724 I A04500/chromium: [nweb_output_handler.cc:105] NWeb size change from 0*0 to 1*1, nweb id = 0
01-23 21:01:50.206  6724  6724 D A04500/chromium: [window_adapter_impl.cpp:55] NativeWindowSetBufferGeometry 1 * 1
01-23 21:01:50.206  6724  6724 W A04500/chromium: [nweb_output_handler.cc:134] resize for emulator early failed, result = 40001000
01-23 21:01:50.218  6724  6724 D A04500/chromium: [nweb_impl.cc:710] GetVirtualPixelRatio ratio:3.500000
01-23 21:01:50.218  6724  6724 E A04500/chromium: [nweb_advanced_security.cc:51] dlopen failed for 2
01-23 21:01:50.218  6724  6724 I A04500/chromium: [nweb_impl.cc:914] file ohos-command-line does not exist.
01-23 21:01:50.218  6724  6724 D A04500/chromium: [window_adapter_impl.cpp:34] CreateNativeWindowFromSurface
01-23 21:01:50.220  6724  6724 W C01409/APS_MANAGER: redo Connect
01-23 21:01:50.220  6724  6724 I C01409/APS_MANAGER: Start to ConnectService
01-23 21:01:50.220  6724  6724 I C01409/APS_MANAGER: GetSystemAbilityManager success
01-23 21:01:50.220  6724  6724 I C01409/APS_MANAGER: GetSystemAbility success
01-23 21:01:50.221  6724  6724 D A04500/chromium: [window_adapter_impl.cpp:55] NativeWindowSetBufferGeometry 1 * 1
01-23 21:01:50.221  6724  6724 I A04500/chromium: [nweb_impl.cc:1478] Init web engine, native window opt for emulator in init, result = 0
01-23 21:01:50.221  6724  6724 D A04500/chromium: [nweb_impl.cc:1491] nweb create_info.init_args.is_popup: 0
01-23 21:01:50.222  6724  6724 I A04500/chromium: [nweb_delegate.cc:710] HasBackgroundColorWithInit, background color = -1
01-23 21:01:50.222  6724  6724 I A04500/chromium: [nweb_delegate.cc:689] DrapDrop InitAppTempDir --ohos-temp-dir=/data/storage/el2/base/haps/entry/temp
01-23 21:01:50.223  6724  6724 I A04500/chromium: [nweb_delegate.cc:796] NWebDelegate::Init incognito_mode:0[shared]
01-23 21:01:50.223  6724  6724 E A04500/chromium: [nweb_delegate.cc:2209] NWebDelegate::InitializeCef, is_initialized:0
01-23 21:01:50.223  6724  6724 I A04500/chromium: [nweb_application.cc:321] NWebApplication::RunAfterContextInitialized, set complete_callback_
01-23 21:01:50.223  6724  6724 I A04500/chromium: [nweb_application.cc:85] NWebApplication::InitializeCef, is_initialized:0
01-23 21:01:50.223  6724  6724 I A04500/chromium: [nweb_file_writer_cleaner.cc:83] GetDeletePendingFiles.
01-23 21:01:50.223  6724  6724 I A04500/chromium: [nweb_file_writer_cleaner.cc:92] GetDeletePendingFiles get pending_files end.
01-23 21:01:50.224  6724  6724 I A04500/cef: [context.cc:513] CefContext::Initialize
01-23 21:01:50.224  6724  6724 I A04500/chromium: [content_main_runner_impl.cc:890] ContentMainRunnerImpl::Initialize::kTraceConfigSharedMemoryDescriptor is registered.
01-23 21:01:50.225  6724  6724 E A04500/chromium: [icu_util.cc:192] /data/storage/el1/bundle/nweb/entry/resources/rawfile/icudtl.dat not exists.
01-23 21:01:50.225  6724  6724 I A04500/chromium: [icu_util_ohos.h:56] icu data file length: 10467680
01-23 21:01:50.225  6724  6724 D A04500/chromium: [icu_util.cc:333] InitializeIcuTimeZone in OHOS ARKWEB.
01-23 21:01:50.225  6724  6724 I A04500/chromium: [date_time_format_adapter_impl.cpp:125] stop time_zone listen.
01-23 21:01:50.225  6724  6724 E A04500/chromium: [date_time_format_adapter_impl.cpp:128] stop listen fail. Please RegTimezoneEvent first.
01-23 21:01:50.225  6724  6724 W A04500/cef: [resource_util.cc:87] Please customize CefSettings.root_cache_path for your application. Use of the default value may lead to unintended process singleton behavior.
01-23 21:01:50.226  6724  6724 E A04500/chromium: [filesystem_posix.cc:63] mkdir : No such file or directory (2)
01-23 21:01:50.226  6724  6724 I A04500/cef: [crash_reporting.cc:209] Crash reporting enabled for process: browser
01-23 21:01:50.227  6724  6724 W A04500/chromium: [trace_startup_config.cc:309] TraceStartupConfig::EnableFromConfigFile::trace_config_file: /data/storage/el1/bundle/arkwebcore/libs/ohos-trace-config.json
01-23 21:01:50.228  6724  6724 W A04500/chromium: [trace_startup_config.cc:311] The trace config file does not exist.
01-23 21:01:50.228  6724  6724 I A04500/cef: [browser_policy_handler.cc:86] InitPolicyFromFile policy_file_path_: /data/storage/el2/base/cache/web/BrowserEnterprisePolicy.json
01-23 21:01:50.228  6724  6724 I A04500/cef: [browser_policy_handler.cc:98] InitPolicyFromFile initial policy: {}
01-23 21:01:50.233  6724  6724 I A04500/chromium: [migration_filter.cc:73] enter FilterOnLoad
01-23 21:01:50.233  6724  6724 I A04500/chromium: [migration_filter.cc:132] MigrationFinished(0)
01-23 21:01:50.233  6724  6724 I A04500/chromium: [migration_filter.cc:82] exit FilterOnLoad, already success
01-23 21:01:50.233  6724  6724 I A04500/chromium: [policy_loader_ohos.cc:72] PolicyLoaderOhos Init api version: 21
01-23 21:01:50.233  6724  6724 I A04500/cef: [browser_policy_handler.cc:119] BrowserPolicyHandler policy bundle gotten
01-23 21:01:50.238  6724  6724 I A04500/chromium: [memory_system.cc:246] gwp-asan is off for this process, enable_type = renderer, process_type = 
01-23 21:01:50.238  6724  6724 I A04500/chromium: [data_pack_for_include.cc:171] DataPack::LoadFromPath resources/rawfile/arkweb_100_percent.pak, data file length: 1078357
01-23 21:01:50.239  6724  6724 I A04500/chromium: [data_pack_for_include.cc:171] DataPack::LoadFromPath resources/rawfile/arkweb_200_percent.pak, data file length: 1474303
01-23 21:01:50.239  6724  6724 I A04500/chromium: [data_pack_for_include.cc:171] DataPack::LoadFromPath resources/rawfile/locales/zh-CN.pak, data file length: 521199
01-23 21:01:50.239  6724  6724 I A04500/chromium: [data_pack_for_include.cc:171] DataPack::LoadFromPath resources/rawfile/resources.pak, data file length: 9916785
01-23 21:01:50.241  6724  8356 I A04500/cef: [browser_policy_handler.cc:172] BrowserPolicyHandler add new observer
01-23 21:01:50.241  6724  8356 I A04500/chromium: [policy_loader_ohos.cc:45] Recv edm policy change event and reload policy.
01-23 21:01:50.241  6724  8356 I A04500/cef: [browser_policy_handler.cc:119] BrowserPolicyHandler policy bundle gotten
01-23 21:01:50.241  6724  8357 W A04500/chromium: [nweb_safe_browsing_detection_handler.cc:73] control pref path is not exist.
01-23 21:01:50.241  6724  8357 I A04500/chromium: [nweb_safe_browsing_detection_handler.cc:141] changed_config_list_cache is not exist:/data/service/el0/public/for-all-app/arkweb-config/6.0/changed_config_list_cache
01-23 21:01:50.242  6724  8357 E A04500/chromium: [nweb_safe_browsing_detection_handler.cc:243] failed to open sa client lib file libsafe_browsing_client.z.so
01-23 21:01:50.242  6724  8357 E A04500/cef: [global_config_prefs.cpp:128] global config path is not exist:
01-23 21:01:50.243  6724  8360 I C04500/webadapter: ReportKeyThread: ReportKeyThread status: 0, uid: 20020059, pid: 6724, tid:8360, role: 0
01-23 21:01:50.245  6724  6724 I C02800/InputManagerImpl: [][RegisterDevListener:1803] enter
01-23 21:01:50.245  6724  6724 I C02800/InputDeviceImpl: [][RegisterDevListener:41] Register listener of change of input devices
01-23 21:01:50.245  6724  6724 I C02800/InputDeviceImpl: [][StartListeningToServer:310] Start monitoring changes of input devices
01-23 21:01:50.246  6724  6724 I C02800/InputDeviceImpl: [][RegisterDevListener:76] Succeed to register listener of change of input devices
01-23 21:01:50.246  6724  6724 I C02800/InputManagerImpl: [][RegisterDevListener] leave
01-23 21:01:50.256  6724  6724 E C015b0/NetMgrSubSystem: RegisterNetConnCallback failed
01-23 21:01:50.256  6724  6724 E A04500/chromium: [net_connect_adapter_impl.cpp:360] register NetConnCallback failed, ret = 201.
01-23 21:01:50.256  6724  6724 E A04500/chromium: [network_change_notifier_passive_for_include.cc:272] register ohos net connect callback failed.
01-23 21:01:50.258  6724  6724 E A04500/chromium: [net_connect_adapter_impl.cpp:156] get all nets failed, ret = 201.
01-23 21:01:50.276  6724  6724 I C04500/webadapter: RegNetProxyEvent: reg netproxy event
01-23 21:01:50.285  6724  6724 D A04500/chromium: [gpu_finch_features_ext.cc:32] vulkan switch config is: 0, cmd is: false
01-23 21:01:50.285  6724  6724 I A04500/chromium: [gl_features.cc:191] hmz1106, kDefaultPassthroughCommandDecoder, DISABLE
01-23 21:01:50.285  6724  6724 D A04500/chromium: [gpu_finch_features_ext.cc:32] vulkan switch config is: 0, cmd is: false
01-23 21:01:50.285  6724  6724 D A04500/chromium: [gpu_finch_features_ext.cc:32] vulkan switch config is: 0, cmd is: false
01-23 21:01:50.291  6724  6724 I C04500/webadapter: RegisterBackgroundTaskPolicyCallback: BackgroundTaskAdapterImpl:: applicationStateChangeCallback_ is registered.
01-23 21:01:50.291  6724  6724 I A04500/chromium: [background_task_holder.cc:67] BackgroundTaskHolder::backgroundStateChangeCallbackAdapter_ is registered.
01-23 21:01:50.291  6724  6724 I A04500/chromium: [background_task_policy.cc:84] [BGTASKPOLICY] OnPassedToGraph
01-23 21:01:50.292  6724  6724 I A04500/chromium: [gl_features.cc:191] hmz1106, kDefaultPassthroughCommandDecoder, DISABLE
01-23 21:01:50.292  6724  6724 D A04500/chromium: [gpu_finch_features_ext.cc:32] vulkan switch config is: 0, cmd is: false
01-23 21:01:50.292  6724  6724 D A04500/chromium: [gpu_finch_features_ext.cc:32] vulkan switch config is: 0, cmd is: false
01-23 21:01:50.293  6724  6724 I C04500/webadapter: ReportKeyThread: ReportKeyThread status: 0, uid: 20020059, pid: 6724, tid:8366, role: 2
01-23 21:01:50.293  6724  8366 I A04500/chromium: [gl_features.cc:191] hmz1106, kDefaultPassthroughCommandDecoder, DISABLE
01-23 21:01:50.296  6724  6724 I C04500/webadapter: ReportKeyThread: ReportKeyThread status: 0, uid: 20020059, pid: 6724, tid:8369, role: 4
01-23 21:01:50.296  6724  8366 I A04500/chromium: [gl_features.cc:191] hmz1106, kDefaultPassthroughCommandDecoder, DISABLE
01-23 21:01:50.298  6724  6724 I A04500/chromium: [cdm_registration.cc:240] [DRM]AddSoftwareSecureWidevine
01-23 21:01:50.299  6724  8360 I A04500/chromium: [media_stream_manager.cc:1532] MSM::InitializeMaybeAsync([hash=523f86f54fe0168d])
01-23 21:01:50.299  6724  8360 I A04500/chromium: [media_stream_manager.cc:1532] MDM::MediaDevicesManager()
01-23 21:01:50.299  6724  8360 I A04500/chromium: [media_stream_manager.cc:1532] MSM::MediaStreamManager([hash=523f86f54fe0168d])
01-23 21:01:50.302  6724  6724 I A04500/chromium: [cdm_registration.cc:426] [DRM]AddWiseplay
01-23 21:01:50.302  6724  6724 I A04500/chromium: [cdm_registration.cc:418] [DRM]AddSoftwareSecureWiseplay
01-23 21:01:50.312  6724  6724 I C04500/webadapter: ReportKeyThread: ReportKeyThread status: 0, uid: 20020059, pid: 6724, tid:8371, role: 0
01-23 21:01:50.314  6724  8371 I A04500/chromium: [event_creator.cc:105] event_message: network qualicy changed http_rtt_ms -1 transport_rtt_ms -1 downstream_throughput_kbps -1 effective_connection_type Offline
01-23 21:01:50.316  6724  6724 W A04500/chromium: [keyed_service_base_factory_for_include.cc:32] WARNING: read file empty: /data/storage/el1/bundle/arkwebcore/etc/disabled_services.json
01-23 21:01:50.316  6724  6724 W A04500/chromium: [keyed_service_base_factory_for_include.cc:32] WARNING: read file empty: /data/storage/el1/bundle/arkwebcore/etc/disabled_services.json
01-23 21:01:50.317  6724  8366 I C02c03/PARAM_WATCHER: Add watcher keyPrefix debug.graphic.debug_layer remoteWatcherId 94 success
01-23 21:01:50.317  6724  8366 E C01400/OpenGLWrapper: Failed to find system config path
01-23 21:01:50.318  6724  8366 E C01400/OpenGLWrapper: LoadLayers failed.
01-23 21:01:50.318  6724  8366 E C01400/OpenGLWrapper: EglWrapperLayer Init Failed.
01-23 21:01:50.318  6724  8366 E C01400/OpenGLWrapper: Failed to dlopen /system/lib/libiGraphicsCore.z.so. error: Error loading shared library /system/lib/libiGraphicsCore.z.so: No such file or directory.
01-23 21:01:50.318  6724  8366 E C01400/OpenGLWrapper: EglWrapperHookLayer init Failed!
01-23 21:01:50.320  6724  8366 I C0470a/GameServicePerf: [(CreateReportThread:101)]GameService-graphics: begin create thread
01-23 21:01:50.321  6724  8366 I C01409/APS_MANAGER: LoadApsPlugin
01-23 21:01:50.322  6724  8366 W C01409/APS_MANAGER: redo Connect
01-23 21:01:50.322  6724  8366 I C01409/APS_MANAGER: Start to ConnectService
01-23 21:01:50.322  6724  8366 I C01409/APS_MANAGER: GetSystemAbilityManager success
01-23 21:01:50.323  6724  8366 I C01409/APS_MANAGER: GetSystemAbility success
01-23 21:01:50.329  6724  8371 I A04500/chromium: [arkweb_network_service_ext.cc:162] Register network context and set network timeout 0 second(s)
01-23 21:01:50.329  6724  8371 I A04500/chromium: [page_res_parallel_preload_mgr_impl.cc:54] PRPPreload.GetPRParallelPreloadModeInner only support arm64, NONE
01-23 21:01:50.343  6724  8366 E C057c6/BinderInvoker: GetDetailedErrorInfo 1247: HMB_GET_DETAILED_ERROR failed, error:-22
01-23 21:01:50.343  6724  8366 E C057c2/IPCObjectProxy: PrintErrorDetailedInfo 176: failed, handle:27 error:29201 desc:*.IApsManager proxy:10549520 time:10491806916587
01-23 21:01:50.343  6724  8366 W C01409/APS_MANAGER: [ApsManagerProxy::RegisterGameFpsListener] Send Request faild code = 29201
01-23 21:01:50.343  6724  8366 E C01409/APS_MANAGER: ApsGameFpsController::RegisterGameFpsListener delete callback
01-23 21:01:50.343  6724  8366 I C02515/DGLES: [initialize@egl_display.cpp:118] Initialize display
01-23 21:01:50.344  6724  8366 W C02515/DGLES: [recycle_resource_id@context_common.cpp:589] null gpu context, give up recycle ids
01-23 21:01:50.344  6724  8366 W C02515/DGLES: [recycle_resource_id@context_common.cpp:589] null gpu context, give up recycle ids
01-23 21:01:50.345  6724  8366 E C01400/OpenGLWrapper: eglSetBlobCacheFuncsANDROID not found.
01-23 21:01:50.345  6724  8371 I A04500/chromium: [arkweb_network_service_ext.cc:181] Network service set network timeout 30 second(s)
01-23 21:01:50.348  6724  6724 I A04500/chromium: [browser_prefs.cc:2111] [DRM]RegisterProfilePrefs
01-23 21:01:50.354  6724  6724 W A04500/chromium: [account_consistency_mode_manager.cc:77] Desktop Identity Consistency cannot be enabled as no OAuth client ID and client secret have been configured.
01-23 21:01:50.421  6724  6724 D A04500/cef: [chrome_content_browser_client_cef_for_include_after.cc:165] Set http cache max size to 20MB for samll capacity device.
01-23 21:01:50.428  6724  6724 I A04500/cef: [cookie_manager_impl_ext.cc:414] CefCookieManagerImplExt::SetNetWorkCookieManager cookie_manager_remote
01-23 21:01:50.435  6724  8379 I A04500/cef: [cookie_manager_impl_ext.cc:397] CefCookieManagerImplExt::SetNetWorkCookieManagerRemoteAsync
01-23 21:01:50.437  6724  8379 I A04500/cef: [cookie_manager_impl_ext.cc:383] CefCookieManagerImplExt::SetNetWorkCookieManagerRemoteComplete
01-23 21:01:50.438  6724  8371 D A04500/chromium: [page_res_parallel_preload_mgr_impl.cc:66] PRPPreload.PRParallelPreloadMgrImpl::Init NOT ENABLE
01-23 21:01:50.456  6724  8366 I C02d11/DfxUnwinder: UnwindLocal:: fpUnwind: 0
01-23 21:01:50.465  6724  6724 I A04500/chromium: [nweb_extension_proxy_dispatcher.cc:40] NWebExtensionProxyDispatcher::NotifyProxyInfo
01-23 21:01:50.465  6724  6724 E A04500/chromium: [nweb_extension_proxy_dispatcher.cc:43] No web extension proxy listener
01-23 21:01:50.514  6724  8371 I A04500/chromium: [arkweb_network_service_ext.cc:162] Register network context and set network timeout 30 second(s)
01-23 21:01:50.560  6724  8366 I C02d11/DfxBacktrace: GetBacktrace elapsed time: 212 ms
01-23 21:01:50.560  6724  8366 I C02515/DGLES: [init_process_static_context_values@context_common.cpp:98] StaticValues size 56945
01-23 21:01:50.561  6724  8366 W C02515/DGLES: [recycle_resource_id@context_common.cpp:589] null gpu context, give up recycle ids
01-23 21:01:50.561  6724  8366 I C02515/DGLES: [init_process_static_context_values@context_common.cpp:114] static_values_local->major_version: 3:
01-23 21:01:50.561  6724  8366 I C02515/DGLES: [init_process_static_context_values@context_common.cpp:115] static_values_local: ARM
01-23 21:01:50.561  6724  8366 I C02515/DGLES: [init_process_static_context_values@context_common.cpp:116] static_values_local->vendor: ARM
01-23 21:01:50.561  6724  8366 I C02515/DGLES: [init_process_static_context_values@context_common.cpp:117] static_values_local->version: OpenGL ES 3.2 (4.1.0 - Build 30.0.101.1122)
01-23 21:01:50.561  6724  8366 I C02515/DGLES: [init_process_static_context_values@context_common.cpp:118] static_values_local->renderer: Mali-G77
01-23 21:01:50.561  6724  8366 I C02515/DGLES: [init_process_static_context_values@context_common.cpp:119] static_values_local->num_extensions: 74
01-23 21:01:50.561  6724  8366 I C02515/DGLES: [init_process_static_context_values@context_common.cpp:120] shading_language_version: OpenGL ES GLSL ES 3.10
01-23 21:01:50.561  6724  8366 I C02515/DGLES: [init_process_static_context_values@context_common.cpp:126] static_values_local->num_extensions index: 0, value: GL_OES_EGL_image
01-23 21:01:50.561  6724  8366 I C02515/DGLES: [init_process_static_context_values@context_common.cpp:126] static_values_local->num_extensions index: 1, value: GL_OES_EGL_image_external
01-23 21:01:50.561  6724  8366 I C02515/DGLES: [init_process_static_context_values@context_common.cpp:126] static_values_local->num_extensions index: 2, value: GL_OES_EGL_sync
01-23 21:01:50.561  6724  8366 I C02515/DGLES: [init_process_static_context_values@context_common.cpp:126] static_values_local->num_extensions index: 3, value: GL_OES_depth24
01-23 21:01:50.561  6724  8366 I C02515/DGLES: [init_process_static_context_values@context_common.cpp:126] static_values_local->num_extensions index: 4, value: GL_OES_depth32
01-23 21:01:50.561  6724  8366 I C02515/DGLES: [init_process_static_context_values@context_common.cpp:126] static_values_local->num_extensions index: 5, value: GL_OES_texture_float
01-23 21:01:50.561  6724  8366 I C02515/DGLES: [init_process_static_context_values@context_common.cpp:126] static_values_local->num_extensions index: 6, value: GL_OES_texture_float_linear
01-23 21:01:50.561  6724  8366 I C02515/DGLES: [init_process_static_context_values@context_common.cpp:126] static_values_local->num_extensions index: 7, value: GL_OES_texture_half_float
01-23 21:01:50.561  6724  8366 I C02515/DGLES: [init_process_static_context_values@context_common.cpp:126] static_values_local->num_extensions index: 8, value: GL_OES_texture_half_float_linear
01-23 21:01:50.561  6724  8366 I C02515/DGLES: [init_process_static_context_values@context_common.cpp:126] static_values_local->num_extensions index: 9, value: GL_OES_compressed_ETC1_RGB8_texture
01-23 21:01:50.561  6724  8366 I C02515/DGLES: [init_process_static_context_values@context_common.cpp:126] static_values_local->num_extensions index: 10, value: GL_OES_depth_texture
01-23 21:01:50.561  6724  8366 I C02515/DGLES: [init_process_static_context_values@context_common.cpp:126] static_values_local->num_extensions index: 11, value: GL_OES_EGL_image_external_essl3
01-23 21:01:50.561  6724  8366 I C02515/DGLES: [init_process_static_context_values@context_common.cpp:126] static_values_local->num_extensions index: 12, value: GL_KHR_texture_compression_astc_ldr
01-23 21:01:50.561  6724  8366 I C02515/DGLES: [init_process_static_context_values@context_common.cpp:126] static_values_local->num_extensions index: 13, value: GL_KHR_texture_compression_astc_hdr
01-23 21:01:50.561  6724  8366 I C02515/DGLES: [init_process_static_context_values@context_common.cpp:126] static_values_local->num_extensions index: 14, value: GL_OES_vertex_array_object
01-23 21:01:50.561  6724  8366 I C02515/DGLES: [init_process_static_context_values@context_common.cpp:126] static_values_local->num_extensions index: 15, value: GL_EXT_color_buffer_float
01-23 21:01:50.561  6724  8366 I C02515/DGLES: [init_process_static_context_values@context_common.cpp:126] static_values_local->num_extensions index: 16, value: GL_EXT_color_buffer_half_float
01-23 21:01:50.561  6724  8366 I C02515/DGLES: [init_process_static_context_values@context_common.cpp:126] static_values_local->num_extensions index: 17, value: GL_OES_element_index_uint
01-23 21:01:50.561  6724  8366 I C02515/DGLES: [init_process_static_context_values@context_common.cpp:126] static_values_local->num_extensions index: 18, value: GL_OES_texture_float_linear
01-23 21:01:50.561  6724  8366 I C02515/DGLES: [init_process_static_context_values@context_common.cpp:126] static_values_local->num_extensions index: 19, value: GL_OES_compressed_paletted_texture
01-23 21:01:50.561  6724  8366 I C02515/DGLES: [init_process_static_context_values@context_common.cpp:126] static_values_local->num_extensions index: 20, value: GL_OES_packed_depth_stencil
01-23 21:01:50.561  6724  8366 I C02515/DGLES: [init_process_static_context_values@context_common.cpp:126] static_values_local->num_extensions index: 21, value: GL_OES_texture_npot
01-23 21:01:50.561  6724  8366 I C02515/DGLES: [init_process_static_context_values@context_common.cpp:126] static_values_local->num_extensions index: 22, value: GL_OES_rgb8_rgba8
01-23 21:01:50.561  6724  8366 I C02515/DGLES: [init_process_static_context_values@context_common.cpp:126] static_values_local->num_extensions index: 23, value: GL_OES_framebuffer_object
01-23 21:01:50.561  6724  8366 I C02515/DGLES: [init_process_static_context_values@context_common.cpp:126] static_values_local->num_extensions index: 24, value: GL_ARB_texture_non_power_of_two
01-23 21:01:50.561  6724  8366 I C02515/DGLES: [init_process_static_context_values@context_common.cpp:126] static_values_local->num_extensions index: 25, value: GL_OES_blend_func_separate
01-23 21:01:50.561  6724  8366 I C02515/DGLES: [init_process_static_context_values@context_common.cpp:126] static_values_local->num_extensions index: 26, value: GL_OES_blend_equation_separate
01-23 21:01:50.561  6724  8366 I C02515/DGLES: [init_process_static_context_values@context_common.cpp:126] static_values_local->num_extensions index: 27, value: GL_OES_blend_subtract
01-23 21:01:50.561  6724  8366 I C02515/DGLES: [init_process_static_context_values@context_common.cpp:126] static_values_local->num_extensions index: 28, value: GL_OES_byte_coordinates
01-23 21:01:50.561  6724  8366 I C02515/DGLES: [init_process_static_context_values@context_common.cpp:126] static_values_local->num_extensions index: 29, value: GL_OES_point_size_array
01-23 21:01:50.561  6724  8366 I C02515/DGLES: [init_process_static_context_values@context_common.cpp:126] static_values_local->num_extensions index: 30, value: GL_OES_point_sprite
01-23 21:01:50.561  6724  8366 I C02515/DGLES: [init_process_static_context_values@context_common.cpp:126] static_values_local->num_extensions index: 31, value: GL_OES_single_precision
01-23 21:01:50.561  6724  8366 I C02515/DGLES: [init_process_static_context_values@context_common.cpp:126] static_values_local->num_extensions index: 32, value: GL_OES_stencil_wrap
01-23 21:01:50.561  6724  8366 I C02515/DGLES: [init_process_static_context_values@context_common.cpp:126] static_values_local->num_extensions index: 33, value: GL_OES_texture_env_crossbar
01-23 21:01:50.561  6724  8366 I C02515/DGLES: [init_process_static_context_values@context_common.cpp:126] static_values_local->num_extensions index: 34, value: GL_OES_texture_mirrored_repeat
01-23 21:01:50.561  6724  8366 I C02515/DGLES: [init_process_static_context_values@context_common.cpp:126] static_values_local->num_extensions index: 35, value: GL_OES_texture_cube_map
01-23 21:01:50.561  6724  8366 I C02515/DGLES: [init_process_static_context_values@context_common.cpp:126] static_values_local->num_extensions index: 36, value: GL_OES_draw_texture
01-23 21:01:50.561  6724  8366 I C02515/DGLES: [init_process_static_context_values@context_common.cpp:126] static_values_local->num_extensions index: 37, value: GL_OES_fbo_render_mipmap
01-23 21:01:50.561  6724  8366 I C02515/DGLES: [init_process_static_context_values@context_common.cpp:126] static_values_local->num_extensions index: 38, value: GL_OES_stencil8
01-23 21:01:50.561  6724  8366 I C02515/DGLES: [init_process_static_context_values@context_common.cpp:126] static_values_local->num_extensions index: 39, value: GL_EXT_blend_minmax
01-23 21:01:50.561  6724  8366 I C02515/DGLES: [init_process_static_context_values@context_common.cpp:126] static_values_local->num_extensions index: 40, value: GL_OES_standard_derivatives
01-23 21:01:50.561  6724  8366 I C02515/DGLES: [init_process_static_context_values@context_common.cpp:126] static_values_local->num_extensions index: 41, value: GL_EXT_robustness
01-23 21:01:50.561  6724  8366 I C02515/DGLES: [init_process_static_context_values@context_common.cpp:126] static_values_local->num_extensions index: 42, value: GL_EXT_copy_image
01-23 21:01:50.561  6724  8366 I C02515/DGLES: [init_process_static_context_values@context_common.cpp:126] static_values_local->num_extensions index: 43, value: GL_EXT_texture_buffer
01-23 21:01:50.561  6724  8366 I C02515/DGLES: [init_process_static_context_values@context_common.cpp:126] static_values_local->num_extensions index: 44, value: GL_OES_vertex_half_float
01-23 21:01:50.561  6724  8366 I C02515/DGLES: [init_process_static_context_values@context_common.cpp:126] static_values_local->num_extensions index: 45, value: GL_KHR_blend_equation_advanced
01-23 21:01:50.561  6724  8366 I C02515/DGLES: [init_process_static_context_values@context_common.cpp:126] static_values_local->num_extensions index: 46, value: GL_EXT_shader_io_blocks
01-23 21:01:50.561  6724  8366 I C02515/DGLES: [init_process_static_context_values@context_common.cpp:126] static_values_local->num_extensions index: 47, value: GL_EXT_texture_sRGB_decode
01-23 21:01:50.561  6724  8366 I C02515/DGLES: [init_process_static_context_values@context_common.cpp:126] static_values_local->num_extensions index: 48, value: GL_KHR_debug
01-23 21:01:50.561  6724  8366 I C02515/DGLES: [init_process_static_context_values@context_common.cpp:126] static_values_local->num_extensions index: 49, value: GL_OES_sample_shading
01-23 21:01:50.561  6724  8366 I C02515/DGLES: [init_process_static_context_values@context_common.cpp:126] static_values_local->num_extensions index: 50, value: GL_OES_sample_variables
01-23 21:01:50.561  6724  8366 I C02515/DGLES: [init_process_static_context_values@context_common.cpp:126] static_values_local->num_extensions index: 51, value: GL_OES_texture_stencil8
01-23 21:01:50.561  6724  8366 I C02515/DGLES: [init_process_static_context_values@context_common.cpp:126] static_values_local->num_extensions index: 52, value: GL_EXT_geometry_shader
01-23 21:01:50.561  6724  8366 I C02515/DGLES: [init_process_static_context_values@context_common.cpp:126] static_values_local->num_extensions index: 53, value: GL_EXT_gpu_shader5
01-23 21:01:50.561  6724  8366 I C02515/DGLES: [init_process_static_context_values@context_common.cpp:126] static_values_local->num_extensions index: 54, value: GL_OES_shader_multisample_interpolation
01-23 21:01:50.562  6724  8366 I C02515/DGLES: [init_process_static_context_values@context_common.cpp:126] static_values_local->num_extensions index: 55, value: GL_EXT_tessellation_shader
01-23 21:01:50.562  6724  8366 I C02515/DGLES: [init_process_static_context_values@context_common.cpp:126] static_values_local->num_extensions index: 56, value: GL_EXT_texture_border_clamp
01-23 21:01:50.562  6724  8366 I C02515/DGLES: [init_process_static_context_values@context_common.cpp:126] static_values_local->num_extensions index: 57, value: GL_EXT_texture_cube_map_array
01-23 21:01:50.562  6724  8366 I C02515/DGLES: [init_process_static_context_values@context_common.cpp:126] static_values_local->num_extensions index: 58, value: GL_OES_shader_image_atomic
01-23 21:01:50.562  6724  8366 I C02515/DGLES: [init_process_static_context_values@context_common.cpp:126] static_values_local->num_extensions index: 59, value: GL_EXT_draw_buffers_indexed
01-23 21:01:50.562  6724  8366 I C02515/DGLES: [init_process_static_context_values@context_common.cpp:126] static_values_local->num_extensions index: 60, value: GL_OES_texture_storage_multisample_2d_array
01-23 21:01:50.562  6724  8366 I C02515/DGLES: [init_process_static_context_values@context_common.cpp:126] static_values_local->num_extensions index: 61, value: GL_EXT_primitive_bounding_box
01-23 21:01:50.562  6724  8366 I C02515/DGLES: [init_process_static_context_values@context_common.cpp:126] static_values_local->num_extensions index: 62, value: GL_OES_primitive_bounding_box
01-23 21:01:50.562  6724  8366 I C02515/DGLES: [init_process_static_context_values@context_common.cpp:126] static_values_local->num_extensions index: 63, value: GL_KHR_robustness
01-23 21:01:50.562  6724  8366 I C02515/DGLES: [init_process_static_context_values@context_common.cpp:126] static_values_local->num_extensions index: 64, value: GL_KHR_robust_buffer_access_behavior
01-23 21:01:50.562  6724  8366 I C02515/DGLES: [init_process_static_context_values@context_common.cpp:126] static_values_local->num_extensions index: 65, value: GL_OES_copy_image
01-23 21:01:50.562  6724  8366 I C02515/DGLES: [init_process_static_context_values@context_common.cpp:126] static_values_local->num_extensions index: 66, value: GL_EXT_draw_elements_base_vertex
01-23 21:01:50.562  6724  8366 I C02515/DGLES: [init_process_static_context_values@context_common.cpp:126] static_values_local->num_extensions index: 67, value: GL_OES_geometry_shader
01-23 21:01:50.562  6724  8366 I C02515/DGLES: [init_process_static_context_values@context_common.cpp:126] static_values_local->num_extensions index: 68, value: GL_OES_shader_io_blocks
01-23 21:01:50.562  6724  8366 I C02515/DGLES: [init_process_static_context_values@context_common.cpp:126] static_values_local->num_extensions index: 69, value: GL_OES_texture_border_clamp
01-23 21:01:50.562  6724  8366 I C02515/DGLES: [init_process_static_context_values@context_common.cpp:126] static_values_local->num_extensions index: 70, value: GL_OES_texture_buffer
01-23 21:01:50.562  6724  8366 I C02515/DGLES: [init_process_static_context_values@context_common.cpp:126] static_values_local->num_extensions index: 71, value: GL_OES_texture_cube_map_array
01-23 21:01:50.562  6724  8366 I C02515/DGLES: [init_process_static_context_values@context_common.cpp:126] static_values_local->num_extensions index: 72, value: GL_OES_surfaceless_context
01-23 21:01:50.562  6724  8366 I C02515/DGLES: [init_process_static_context_values@context_common.cpp:126] static_values_local->num_extensions index: 73, value: GL_OES_texture_compression_astc
01-23 21:01:50.563  6724  8366 W C02515/DGLES: [recycle_resource_id@context_common.cpp:589] null gpu context, give up recycle ids
01-23 21:01:50.568  6724  8366 W C02515/DGLES: [recycle_resource_id@context_common.cpp:589] null gpu context, give up recycle ids
01-23 21:01:50.568  6724  8366 W C02515/DGLES: [recycle_resource_id@context_common.cpp:589] null gpu context, give up recycle ids
01-23 21:01:50.568  6724  8366 I A04500/chromium: [gl_factory_ohos.cc:112] create offscreen glsurface by surfacelessEGL.
01-23 21:01:50.573  6724  6724 E A04500/chromium: [libc_interceptor.cc:280] Your system is broken: dlsym doesn't work! This has been reported to be caused by Nvidia's libGL. You should expect time related functions to misbehave. https://bugs.chromium.org/p/chromium/issues/detail?id=16800
01-23 21:01:50.585  6724  6724 I A04500/chromium: [extension_registry_info_manager.cc:502] ExtensionRegistryInfoManager::init
01-23 21:01:50.588  6724  6724 D A04500/chromium: [component_loader.cc:517] pdf in advanced security mode: 0
01-23 21:01:50.594  6724  6724 I A04500/chromium: [task_queue_util.cc:99] extension is not service worker-based
01-23 21:01:50.594  6724  8366 I C02d11/DfxUnwinder: UnwindLocal:: fpUnwind: 0
01-23 21:01:50.594  6724  6724 D A04500/chromium: [menu_manager.cc:910] MenuManager::OnExtensionLoaded
01-23 21:01:50.594  6724  6724 I A04500/chromium: [extension_registry_info_manager.cc:683] ExtensionRegistryInfoManager::Loaded
01-23 21:01:50.595  6724  6724 E A04500/chromium: [url_pattern_set.cc:298] Invalid url pattern: arkweb://resources/*
01-23 21:01:50.597  6724  6724 E A04500/chromium: [url_pattern_set.cc:298] Invalid url pattern: arkweb://resources/*
01-23 21:01:50.597  6724  6724 I A04500/chromium: [task_queue_util.cc:99] extension is not service worker-based
01-23 21:01:50.597  6724  6724 D A04500/chromium: [menu_manager.cc:910] MenuManager::OnExtensionLoaded
01-23 21:01:50.597  6724  6724 I A04500/chromium: [extension_registry_info_manager.cc:683] ExtensionRegistryInfoManager::Loaded
01-23 21:01:50.604  6724  8371 I A04500/chromium: [arkweb_network_service_ext.cc:162] Register network context and set network timeout 30 second(s)
01-23 21:01:50.608  6724  6724 I A04500/cef: [ua_push_config.cc:167] [UAPushLog]start ReadConfigInfoFromPrefs
01-23 21:01:50.608  6724  6724 E A04500/cef: [ua_push_config.cc:176] [UAPushLog]user_pref_value for PrefService: user_agent.push_config is not a dictionary or is not exit
01-23 21:01:50.609  6724  6724 E A04500/chromium: [alloy_browser_engine_global_config.cc:145] No value for PrefService: nweb_ex.browser_engine_global_config_info
01-23 21:01:50.609  6724  6724 D A04500/chromium: [alloy_browser_engine_global_config.cc:76] Update cloud control data after browser context init, file_path , version 0
01-23 21:01:50.609  6724  6724 E A04500/chromium: [alloy_browser_engine_global_config.cc:85] Can not upate browser engine global config for version is zero
01-23 21:01:50.609  6724  6724 I A04500/cef: [request_context_impl.cc:280] CefRequestContextImpl::ExecuteWhenBrowserContextInitialized, not on ui
01-23 21:01:50.634  6724  6724 D A04500/cef: [chrome_content_browser_client_cef_for_include_after.cc:165] Set http cache max size to 20MB for samll capacity device.
01-23 21:01:50.635  6724  6724 I A04500/cef: [cookie_manager_impl_ext.cc:414] CefCookieManagerImplExt::SetNetWorkCookieManager cookie_manager_remote
01-23 21:01:50.638  6724  8389 I A04500/cef: [cookie_manager_impl_ext.cc:397] CefCookieManagerImplExt::SetNetWorkCookieManagerRemoteAsync
01-23 21:01:50.638  6724  8389 I A04500/cef: [cookie_manager_impl_ext.cc:383] CefCookieManagerImplExt::SetNetWorkCookieManagerRemoteComplete
01-23 21:01:50.639  6724  8371 D A04500/chromium: [page_res_parallel_preload_mgr_impl.cc:66] PRPPreload.PRParallelPreloadMgrImpl::Init NOT ENABLE
01-23 21:01:50.644  6724  8366 I C02d11/DfxBacktrace: GetBacktrace elapsed time: 75 ms
01-23 21:01:50.645  6724  8366 W C02515/DGLES: [recycle_resource_id@context_common.cpp:589] null gpu context, give up recycle ids
01-23 21:01:50.649  6724  8366 W C02515/DGLES: [recycle_resource_id@context_common.cpp:589] null gpu context, give up recycle ids
01-23 21:01:50.650  6724  8366 W C02515/DGLES: [recycle_resource_id@context_common.cpp:589] null gpu context, give up recycle ids
01-23 21:01:50.650  6724  8366 I A04500/chromium: [gl_factory_ohos.cc:112] create offscreen glsurface by surfacelessEGL.
01-23 21:01:50.651  6724  8366 D A04500/chromium: [gpu_finch_features_ext.cc:32] vulkan switch config is: 0, cmd is: false
01-23 21:01:50.651  6724  8366 W A04500/chromium: [viz_main_impl.cc:85] VizNullHypothesis is disabled (not a warning)
01-23 21:01:50.653  6724  8391 I C04500/webadapter: ReportKeyThread: ReportKeyThread status: 0, uid: 20020059, pid: 6724, tid:8391, role: 2
01-23 21:01:50.653  6724  8391 I A04500/chromium: [dynamic_frame_rate_decision.cc:49] start init curent_task_runner_
01-23 21:01:50.654  6724  8366 I C04500/webadapter: ReportKeyThread: ReportKeyThread status: 0, uid: 20020059, pid: 6724, tid:8367, role: 0
01-23 21:01:50.660  6724  8371 I A04500/chromium: [arkweb_network_service_ext.cc:162] Register network context and set network timeout 30 second(s)
01-23 21:01:50.671  6724  6724 E A04500/chromium: [alloy_browser_engine_global_config.cc:145] No value for PrefService: nweb_ex.browser_engine_global_config_info
01-23 21:01:50.671  6724  6724 I A04500/cef: [request_context_impl.cc:280] CefRequestContextImpl::ExecuteWhenBrowserContextInitialized, not on ui
01-23 21:01:50.672  6724  6724 I A04500/chromium: [browser_process_impl_ext.cc:57] adblock path: /data/storage/el2/base/cache/web
01-23 21:01:50.673  6724  6724 I A04500/cef: [context.cc:639] CefContext::OnContextInitialized
01-23 21:01:50.674  6724  6724 I A04500/cef: [request_context_impl.cc:280] CefRequestContextImpl::ExecuteWhenBrowserContextInitialized, not on ui
01-23 21:01:50.674  6724  6724 I A04500/chromium: [nweb_application.cc:184] NWebApplication::OnContextInitialized, begin
01-23 21:01:50.674  6724  6724 I A04500/chromium: [nweb_application.cc:188] NWebApplication::OnContextInitialized, into callback
01-23 21:01:50.674  6724  6724 I A04500/chromium: [nweb_delegate.cc:3754] NWebDelegate::OnContextInitializeComplete
01-23 21:01:50.674  6724  6724 I A04500/chromium: [nweb_application.cc:340] NWebApplication::CreateBrowser
01-23 21:01:50.674  6724  6724 I A04500/chromium: [nweb_application.cc:382] NWebApplication::CreateBrowser, 2
01-23 21:01:50.674  6724  6724 D A04500/chromium: [arkweb_render_process_host_impl_utils.cc:188] RenderProcessHostImpl::GetProcessCount count: 0, process_count_to_ignore:0
01-23 21:01:50.674  6724  6724 D A04500/chromium: [arkweb_render_process_host_impl_utils.cc:188] RenderProcessHostImpl::GetProcessCount count: 0, process_count_to_ignore:0
01-23 21:01:50.674  6724  6724 I A04500/chromium: [render_process_host_impl.cc:4931] Request to create a new rendering process, current count: 0 Max: 1
01-23 21:01:50.676  6724  6724 I A04500/chromium: [background_task_policy.cc:93] [BGTASKPOLICY] OnPageNodeAdded
01-23 21:01:50.677  6724  6724 I A04500/chromium: [background_task_policy.cc:193] BackgroundTaskPolicy::MaybeChangeBackgroundTask  page_node hash=82223b42c4c5ecb6 visible_page_num_: 1 media_playing_num_: 0 audio_state_num_: 0 is_request_background_task_: 0
01-23 21:01:50.677  6724  6724 I A04500/chromium: [background_task_policy.cc:226] [BGTASKPOLICY] no change return
01-23 21:01:50.677  6724  6724 I A04500/cef: [alloy_browser_host_impl.cc:194] AlloyBrowserHostImpl::CreateInternal, begin
01-23 21:01:50.677  6724  6724 I C01c02/PBS: PasteboardObserver# New Pasteboard Observer.
01-23 21:01:50.678  6724  6724 I C01c01/PBC: GetPasteboardService# GetPasteboardService start.
01-23 21:01:50.679  6724  6724 I C01c01/PBC: GetPasteboardService# Get PasteboardServiceProxy succeed.
01-23 21:01:50.684  6724  6724 E C01c07/PBCA: OH_Pasteboard_Subscribe# subscribe observer failed
01-23 21:01:50.684  6724  8281 I C01c01/PBC: OnAddSystemAbility# pasteboard service started
01-23 21:01:50.687  6724  6724 I A04500/cef: [arkweb_web_contents_view_osr_ext.cc:42] CefWebContentsViewOSR::WebContentsCreated
01-23 21:01:50.688  6724  6724 D A04500/chromium: [nweb_handler_delegate.cc:979] NWebHandlerDelegate::OnFrameCreated
01-23 21:01:50.688  6724  6724 D A04500/chromium: [nweb_handler_delegate.cc:1009] NWebHandlerDelegate::OnFrameCreated childId:3_1, parentId:
01-23 21:01:50.688  6724  6724 E A04500/chromium: [nweb_app_client_extension_dispatcher.cc:386] there is no g_app_client_extension_callback_OnFrameCreated
01-23 21:01:50.688  6724  6724 D A04500/chromium: [nweb_handler_delegate.cc:965] NWebHandlerDelegate::OnMainFrameChanged
01-23 21:01:50.688  6724  6724 I A04500/cef: [alloy_browser_host_impl_utils.cc:263] SafeBrowsing enabled, creating safe browsing tab helper
01-23 21:01:50.688  6724  6724 I A04500/chromium: [nweb_handler_delegate.cc:1132] NWebHandlerDelegate::OnAfterCreated IsPopup 0
01-23 21:01:50.688  6724  6724 D A04500/chromium: [nweb_native_window_tracker.cc:32] Add native window id = 1
01-23 21:01:50.688  6724  6724 I A04500/cef: [request_context_impl.cc:280] CefRequestContextImpl::ExecuteWhenBrowserContextInitialized, not on ui
01-23 21:01:50.688  6724  6724 D A04500/chromium: [nweb_delegate_huawei.cc:40] Register handler for custom scheme: hwweb
01-23 21:01:50.688  6724  6724 I A04500/cef: [request_context_impl.cc:280] CefRequestContextImpl::ExecuteWhenBrowserContextInitialized, not on ui
01-23 21:01:50.688  6724  6724 I A04500/cef: [request_context_impl.cc:280] CefRequestContextImpl::ExecuteWhenBrowserContextInitialized, not on ui
01-23 21:01:50.688  6724  6724 D A04500/chromium: [nweb_delegate_huawei.cc:40] Register handler for custom scheme: hwweb
01-23 21:01:50.688  6724  6724 I A04500/chromium: [nweb_file_writer_cleaner.cc:97] DeleteDownloadTempDir.
01-23 21:01:50.688  6724  6724 I A04500/chromium: [custom_crashpad_handler.cc:222] Start ReportCrashpadFiles .... crashpad_target_location is /data/storage/el2/base/crashpad
01-23 21:01:50.688  6724  6724 W A04500/chromium: [custom_crashpad_handler.cc:227] return ReportCrashpadFiles fail cause brower has no start crashpad_target_location is /data/storage/el2/base/crashpad
01-23 21:01:50.693  6724  6724 D A04500/chromium: [sliding_observer.cc:65] SlidingObserver strategy: 3
01-23 21:01:50.696  6724  6724 I A04500/chromium: [native_display_manager_adapter_impl.cpp:205] dpi: 465, xdpi: 465.665985,ydpi: 465.015015, width: 1320, height: 2856, phyScreenLength: 6.764331
01-23 21:01:50.697  6724  6724 I A04500/chromium: [sliding_observer.cc:110] virtual_pixel_ratio: 3.5, dpi: 465, on_screen_setting: 1, off_screen_setting: 2
01-23 21:01:50.697  6724  6724 D A04500/chromium: [sliding_observer.cc:257] SlidingObserver::OnDisplayInfoChange
01-23 21:01:50.699  6724  6724 I A04500/chromium: [native_display_manager_adapter_impl.cpp:205] dpi: 465, xdpi: 465.665985,ydpi: 465.015015, width: 1320, height: 2856, phyScreenLength: 6.764331
01-23 21:01:50.700  6724  6724 I A04500/cef: [ark_web_frame_host_impl.cc:79] UpdatePixelRatio in browser CefFrameHostImpl start, ratio:3.5
01-23 21:01:50.700  6724  6724 I C04201/DMS: oh_display_manager.cpp OH_NativeDisplayManager_IsFoldable: [DMNDK] get display isFoldable=0.
01-23 21:01:50.700  6724  6724 D A04500/chromium: [nweb_impl.cc:1508] nweb create_info.incognito_mode: 0
01-23 21:01:50.701  6724  6724 I A04500/chromium: [nweb_impl.cc:1409] GetVirtualPixelRatio ratio: 3.500000
01-23 21:01:50.701  6724  6724 D A04500/cef: [arkweb_browser_host_ext.cc:1745] UpdateLocale origin locale:zh-CN, update locale:zh-CN
01-23 21:01:50.701  6724  6724 W A04500/cef: [arkweb_browser_host_ext.cc:1748] CefBrowserHostBase::UpdateLocale no need to update locale
01-23 21:01:50.701  6724  6724 I A04500/chromium: [nweb_impl.cc:1565] NWebImpl::InitWebEngine, isReady:1
01-23 21:01:50.701  6724  8356 I A04500/chromium: [ohos_web_snapshot_data_base.cpp:145] blankless OhosWebSnapshotDataBase create rdb store
01-23 21:01:50.701  6724  6724 I C04500/webadapter: StartListen: start netproxy listen
01-23 21:01:50.701  6724  6724 I C04500/webadapter: Changed: start NetProxy changed
01-23 21:01:50.703  6724  6724 I A04500/chromium: [proxy_config_service_ohos.cc:378] ohos_network ProxySettingsChangedTo has_proxy_override_ 0, proxy host 
01-23 21:01:50.704  6724  6724 I A04500/chromium: [proxy_config_service_ohos.cc:378] ohos_network ProxySettingsChangedTo has_proxy_override_ 0, proxy host 
01-23 21:01:50.704  6724  6724 I A04500/chromium: [proxy_config_service_ohos.cc:378] ohos_network ProxySettingsChangedTo has_proxy_override_ 0, proxy host 
01-23 21:01:50.704  6724  6724 I A04500/chromium: [proxy_config_service_ohos.cc:378] ohos_network ProxySettingsChangedTo has_proxy_override_ 0, proxy host 
01-23 21:01:50.705  6724  6724 I C015b0/NetConnManager: registerCallback id:0.
01-23 21:01:50.706  6724  6724 E C01305/Base: [zip_file.cpp(Open:280)]realpath error: 2, pathName: /module_update/ArkWebCore/app/com.huawei.hmos.arkwebcore/ArkWebCore.hap
01-23 21:01:50.706  6724  6724 E C04500/webadapter: GetArkWebVersion: Failed to initialize extractor for HAP file: /module_update/ArkWebCore/app/com.huawei.hmos.arkwebcore/ArkWebCore.hap
01-23 21:01:50.706  6724  6724 E C01305/Base: [zip_file.cpp(Open:280)]realpath error: 2, pathName: /system/app/com.ohos.arkwebcore/ArkWebCore.hap
01-23 21:01:50.706  6724  6724 E C04500/webadapter: GetArkWebVersion: Failed to initialize extractor for HAP file: /system/app/com.ohos.arkwebcore/ArkWebCore.hap
01-23 21:01:50.706  6724  6724 E C04500/webadapter: GetArkWebVersion: Failed to get ArkWeb version from any of the specified paths
01-23 21:01:50.707  6724  6724 W A04500/chromium: [nweb_safe_browsing_detection_handle.cc:80] control pref path is not exist.
01-23 21:01:50.707  6724  6724 I A04500/chromium: [nweb_safe_browsing_detection_handle.cc:113] changed_config_list_cache is not exist:/data/service/el0/public/for-all-app/arkweb-config/6.0/changed_config_list_cache
01-23 21:01:50.707  6724  6724 I A04500/chromium: [nweb_safe_browsing_ua_push_config.cc:45] NWebSafeBrowsingUAPushConfig::EnableUAPushConfig, enable
01-23 21:01:50.707  6724  6724 D A04500/chromium: [nweb_safe_browsing_cloud_control_config.cc:93] NWebSafeBrowsingCloudControlConfig constructor called
01-23 21:01:50.707  6724  6724 D A04500/chromium: [nweb_safe_browsing_cloud_control_config.cc:164] NWebSafeBrowsingCloudControlConfig::CheckConfigUpdate called
01-23 21:01:50.707  6724  8357 D A04500/chromium: [nweb_safe_browsing_cloud_control_config.cc:164] NWebSafeBrowsingCloudControlConfig::CheckConfigUpdate called
01-23 21:01:50.708  6724  8357 E A04500/chromium: [nweb_safe_browsing_detection_handler.cc:243] failed to open sa client lib file libsafe_browsing_client.z.so
01-23 21:01:50.708  6724  6724 E A04500/chromium: [nweb_impl.cc:1034] CreateNWeb NWebId: 1 successfully
01-23 21:01:50.708  6724  6724 E C01305/Base: [zip_file.cpp(Open:280)]realpath error: 2, pathName: /module_update/ArkWebCore/app/com.huawei.hmos.arkwebcore/ArkWebCore.hap
