01-23 21:01:51.186  6724  8366 D A04500/chromium: [shared_image_util.cc:75] PrintSharedImageUsageInfo HWIMGDEC - Supported SharedImageBackingFactory with usage: SHARED_IMAGE_USAGE_WEBGPU_READ (64)
01-23 21:01:51.186  6724  8366 D A04500/chromium: [shared_image_util.cc:75] PrintSharedImageUsageInfo HWIMGDEC - Supported SharedImageBackingFactory with usage: SHARED_IMAGE_USAGE_WEBGPU_SWAP_CHAIN_TEXTURE (512)
01-23 21:01:51.186  6724  8366 D A04500/chromium: [shared_image_util.cc:75] PrintSharedImageUsageInfo HWIMGDEC - Supported SharedImageBackingFactory with usage: SHARED_IMAGE_USAGE_MACOS_VIDEO_TOOLBOX (1024)
01-23 21:01:51.186  6724  8366 D A04500/chromium: [shared_image_util.cc:75] PrintSharedImageUsageInfo HWIMGDEC - Supported SharedImageBackingFactory with usage: SHARED_IMAGE_USAGE_HIGH_PERFORMANCE_GPU (32768)
01-23 21:01:51.186  6724  8366 D A04500/chromium: [shared_image_util.cc:75] PrintSharedImageUsageInfo HWIMGDEC - Supported SharedImageBackingFactory with usage: SHARED_IMAGE_USAGE_WEBGPU_STORAGE_TEXTURE (262144)
01-23 21:01:51.186  6724  8366 D A04500/chromium: [shared_image_util.cc:75] PrintSharedImageUsageInfo HWIMGDEC - Supported SharedImageBackingFactory with usage: Unknown Usage (524288)
01-23 21:01:51.186  6724  8366 D A04500/chromium: [shared_image_util.cc:75] PrintSharedImageUsageInfo HWIMGDEC - Supported SharedImageBackingFactory with usage: Unknown Usage (1048576)
01-23 21:01:51.186  6724  8366 D A04500/chromium: [shared_image_util.cc:75] PrintSharedImageUsageInfo HWIMGDEC - Supported SharedImageBackingFactory with usage: Unknown Usage (2097152)
01-23 21:01:51.186  6724  8366 D A04500/chromium: [shared_image_util.cc:75] PrintSharedImageUsageInfo HWIMGDEC - Supported SharedImageBackingFactory with usage: Unknown Usage (4194304)
01-23 21:01:51.186  6724  8366 D A04500/chromium: [shared_image_util.cc:75] PrintSharedImageUsageInfo HWIMGDEC - Supported SharedImageBackingFactory with usage: Unknown Usage (8388608)
01-23 21:01:51.186  6724  8366 D A04500/chromium: [shared_image_util.cc:75] PrintSharedImageUsageInfo HWIMGDEC - Supported SharedImageBackingFactory with usage: SHARED_IMAGE_USAGE_GLES2_READ (1)
01-23 21:01:51.186  6724  8366 D A04500/chromium: [shared_image_util.cc:75] PrintSharedImageUsageInfo HWIMGDEC - Supported SharedImageBackingFactory with usage: SHARED_IMAGE_USAGE_RASTER_READ (2)
01-23 21:01:51.186  6724  8366 D A04500/chromium: [shared_image_util.cc:75] PrintSharedImageUsageInfo HWIMGDEC - Supported SharedImageBackingFactory with usage: SHARED_IMAGE_USAGE_DISPLAY_READ (4)
01-23 21:01:51.186  6724  8366 D A04500/chromium: [shared_image_util.cc:75] PrintSharedImageUsageInfo HWIMGDEC - Supported SharedImageBackingFactory with usage: SHARED_IMAGE_USAGE_DISPLAY_WRITE (8)
01-23 21:01:51.186  6724  8366 D A04500/chromium: [shared_image_util.cc:75] PrintSharedImageUsageInfo HWIMGDEC - Supported SharedImageBackingFactory with usage: SHARED_IMAGE_USAGE_SCANOUT (16)
01-23 21:01:51.186  6724  8366 D A04500/chromium: [shared_image_util.cc:75] PrintSharedImageUsageInfo HWIMGDEC - Supported SharedImageBackingFactory with usage: SHARED_IMAGE_USAGE_OOP_RASTERIZATION (32)
01-23 21:01:51.186  6724  8366 D A04500/chromium: [shared_image_util.cc:75] PrintSharedImageUsageInfo HWIMGDEC - Supported SharedImageBackingFactory with usage: SHARED_IMAGE_USAGE_WEBGPU_READ (64)
01-23 21:01:51.187  6724  8366 D A04500/chromium: [shared_image_util.cc:75] PrintSharedImageUsageInfo HWIMGDEC - Supported SharedImageBackingFactory with usage: SHARED_IMAGE_USAGE_CONCURRENT_READ_WRITE (128)
01-23 21:01:51.187  6724  8366 D A04500/chromium: [shared_image_util.cc:75] PrintSharedImageUsageInfo HWIMGDEC - Supported SharedImageBackingFactory with usage: SHARED_IMAGE_USAGE_VIDEO_DECODE (256)
01-23 21:01:51.187  6724  8366 D A04500/chromium: [shared_image_util.cc:75] PrintSharedImageUsageInfo HWIMGDEC - Supported SharedImageBackingFactory with usage: SHARED_IMAGE_USAGE_WEBGPU_SWAP_CHAIN_TEXTURE (512)
01-23 21:01:51.187  6724  8366 D A04500/chromium: [shared_image_util.cc:75] PrintSharedImageUsageInfo HWIMGDEC - Supported SharedImageBackingFactory with usage: SHARED_IMAGE_USAGE_HIGH_PERFORMANCE_GPU (32768)
01-23 21:01:51.187  6724  8366 D A04500/chromium: [shared_image_util.cc:75] PrintSharedImageUsageInfo HWIMGDEC - Supported SharedImageBackingFactory with usage: SHARED_IMAGE_USAGE_WEBGPU_STORAGE_TEXTURE (262144)
01-23 21:01:51.187  6724  8366 D A04500/chromium: [shared_image_util.cc:75] PrintSharedImageUsageInfo HWIMGDEC - Supported SharedImageBackingFactory with usage: Unknown Usage (524288)
01-23 21:01:51.187  6724  8366 D A04500/chromium: [shared_image_util.cc:75] PrintSharedImageUsageInfo HWIMGDEC - Supported SharedImageBackingFactory with usage: Unknown Usage (1048576)
01-23 21:01:51.187  6724  8366 D A04500/chromium: [shared_image_util.cc:75] PrintSharedImageUsageInfo HWIMGDEC - Supported SharedImageBackingFactory with usage: Unknown Usage (2097152)
01-23 21:01:51.187  6724  8366 D A04500/chromium: [shared_image_util.cc:75] PrintSharedImageUsageInfo HWIMGDEC - Supported SharedImageBackingFactory with usage: Unknown Usage (4194304)
01-23 21:01:51.187  6724  8366 D A04500/chromium: [shared_image_util.cc:75] PrintSharedImageUsageInfo HWIMGDEC - Supported SharedImageBackingFactory with usage: Unknown Usage (8388608)
01-23 21:01:51.187  6724  8366 D A04500/chromium: [shared_image_util.cc:75] PrintSharedImageUsageInfo HWIMGDEC - Supported SharedImageBackingFactory with usage: SHARED_IMAGE_USAGE_GLES2_READ (1)
01-23 21:01:51.187  6724  8366 D A04500/chromium: [shared_image_util.cc:75] PrintSharedImageUsageInfo HWIMGDEC - Supported SharedImageBackingFactory with usage: SHARED_IMAGE_USAGE_RASTER_READ (2)
01-23 21:01:51.187  6724  8366 D A04500/chromium: [shared_image_util.cc:75] PrintSharedImageUsageInfo HWIMGDEC - Supported SharedImageBackingFactory with usage: SHARED_IMAGE_USAGE_DISPLAY_READ (4)
01-23 21:01:51.187  6724  8366 D A04500/chromium: [shared_image_util.cc:75] PrintSharedImageUsageInfo HWIMGDEC - Supported SharedImageBackingFactory with usage: SHARED_IMAGE_USAGE_DISPLAY_WRITE (8)
01-23 21:01:51.187  6724  8366 D A04500/chromium: [shared_image_util.cc:75] PrintSharedImageUsageInfo HWIMGDEC - Supported SharedImageBackingFactory with usage: SHARED_IMAGE_USAGE_SCANOUT (16)
01-23 21:01:51.187  6724  8366 D A04500/chromium: [shared_image_util.cc:75] PrintSharedImageUsageInfo HWIMGDEC - Supported SharedImageBackingFactory with usage: SHARED_IMAGE_USAGE_OOP_RASTERIZATION (32)
01-23 21:01:51.187  6724  8366 D A04500/chromium: [shared_image_util.cc:75] PrintSharedImageUsageInfo HWIMGDEC - Supported SharedImageBackingFactory with usage: SHARED_IMAGE_USAGE_WEBGPU_READ (64)
01-23 21:01:51.187  6724  8366 D A04500/chromium: [shared_image_util.cc:75] PrintSharedImageUsageInfo HWIMGDEC - Supported SharedImageBackingFactory with usage: SHARED_IMAGE_USAGE_CONCURRENT_READ_WRITE (128)
01-23 21:01:51.187  6724  8366 D A04500/chromium: [shared_image_util.cc:75] PrintSharedImageUsageInfo HWIMGDEC - Supported SharedImageBackingFactory with usage: SHARED_IMAGE_USAGE_VIDEO_DECODE (256)
01-23 21:01:51.187  6724  8366 D A04500/chromium: [shared_image_util.cc:75] PrintSharedImageUsageInfo HWIMGDEC - Supported SharedImageBackingFactory with usage: SHARED_IMAGE_USAGE_WEBGPU_SWAP_CHAIN_TEXTURE (512)
01-23 21:01:51.187  6724  8366 D A04500/chromium: [shared_image_util.cc:75] PrintSharedImageUsageInfo HWIMGDEC - Supported SharedImageBackingFactory with usage: SHARED_IMAGE_USAGE_CPU_WRITE (4096)
01-23 21:01:51.187  6724  8366 D A04500/chromium: [shared_image_util.cc:75] PrintSharedImageUsageInfo HWIMGDEC - Supported SharedImageBackingFactory with usage: SHARED_IMAGE_USAGE_RASTER_DELEGATED_COMPOSITING (16384)
01-23 21:01:51.187  6724  8366 D A04500/chromium: [shared_image_util.cc:75] PrintSharedImageUsageInfo HWIMGDEC - Supported SharedImageBackingFactory with usage: SHARED_IMAGE_USAGE_HIGH_PERFORMANCE_GPU (32768)
01-23 21:01:51.187  6724  8366 D A04500/chromium: [shared_image_util.cc:75] PrintSharedImageUsageInfo HWIMGDEC - Supported SharedImageBackingFactory with usage: SHARED_IMAGE_USAGE_WEBGPU_STORAGE_TEXTURE (262144)
01-23 21:01:51.187  6724  8366 D A04500/chromium: [shared_image_util.cc:75] PrintSharedImageUsageInfo HWIMGDEC - Supported SharedImageBackingFactory with usage: Unknown Usage (524288)
01-23 21:01:51.187  6724  8366 D A04500/chromium: [shared_image_util.cc:75] PrintSharedImageUsageInfo HWIMGDEC - Supported SharedImageBackingFactory with usage: Unknown Usage (1048576)
01-23 21:01:51.187  6724  8366 D A04500/chromium: [shared_image_util.cc:75] PrintSharedImageUsageInfo HWIMGDEC - Supported SharedImageBackingFactory with usage: Unknown Usage (2097152)
01-23 21:01:51.187  6724  8366 D A04500/chromium: [shared_image_util.cc:75] PrintSharedImageUsageInfo HWIMGDEC - Supported SharedImageBackingFactory with usage: Unknown Usage (4194304)
01-23 21:01:51.187  6724  8366 D A04500/chromium: [shared_image_util.cc:75] PrintSharedImageUsageInfo HWIMGDEC - Supported SharedImageBackingFactory with usage: Unknown Usage (8388608)
01-23 21:01:51.187  6724  8366 D A04500/chromium: [shared_image_util.cc:75] PrintSharedImageUsageInfo HWIMGDEC - Supported SharedImageBackingFactory with usage: Unknown Usage (16777216)
01-23 21:01:51.187  6724  8366 D A04500/chromium: [shared_image_util.cc:75] PrintSharedImageUsageInfo HWIMGDEC - Supported SharedImageBackingFactory with usage: SHARED_IMAGE_USAGE_CPU_UPLOAD (67108864)
01-23 21:01:51.195  6724  8366 D A04500/chromium: [gpu_finch_features_ext.cc:32] vulkan switch config is: 0, cmd is: false
01-23 21:01:51.198  6724  8366 D A04500/chromium: [gpu_finch_features_ext.cc:32] vulkan switch config is: 0, cmd is: false
01-23 21:01:51.203  6724  8397 I A04500/chromium: [gl_factory_ohos.cc:112] create offscreen glsurface by surfacelessEGL.
01-23 21:01:51.261  6724  8397 I C02d11/DfxUnwinder: UnwindLocal:: fpUnwind: 0
01-23 21:01:51.343  6724  8397 I C02d11/DfxBacktrace: GetBacktrace elapsed time: 132 ms
01-23 21:01:51.345  6724  8397 W C02515/DGLES: [recycle_resource_id@context_common.cpp:589] null gpu context, give up recycle ids
01-23 21:01:51.362  6724  8397 D A04500/chromium: [gpu_finch_features_ext.cc:32] vulkan switch config is: 0, cmd is: false
01-23 21:01:51.363  6724  8397 D A04500/chromium: [gpu_finch_features_ext.cc:54] vulkan drdc enabled 1
01-23 21:01:51.363  6724  8397 D A04500/chromium: [shared_image_util.cc:75] PrintSharedImageUsageInfo HWIMGDEC - Supported SharedImageBackingFactory with usage: SHARED_IMAGE_USAGE_CPU_WRITE (4096)
01-23 21:01:51.364  6724  8397 D A04500/chromium: [shared_image_util.cc:75] PrintSharedImageUsageInfo HWIMGDEC - Supported SharedImageBackingFactory with usage: SHARED_IMAGE_USAGE_RASTER_READ (2)
01-23 21:01:51.364  6724  8397 D A04500/chromium: [shared_image_util.cc:75] PrintSharedImageUsageInfo HWIMGDEC - Supported SharedImageBackingFactory with usage: SHARED_IMAGE_USAGE_DISPLAY_READ (4)
01-23 21:01:51.364  6724  8397 D A04500/chromium: [shared_image_util.cc:75] PrintSharedImageUsageInfo HWIMGDEC - Supported SharedImageBackingFactory with usage: SHARED_IMAGE_USAGE_DISPLAY_WRITE (8)
01-23 21:01:51.364  6724  8397 D A04500/chromium: [shared_image_util.cc:75] PrintSharedImageUsageInfo HWIMGDEC - Supported SharedImageBackingFactory with usage: SHARED_IMAGE_USAGE_OOP_RASTERIZATION (32)
01-23 21:01:51.364  6724  8397 D A04500/chromium: [shared_image_util.cc:75] PrintSharedImageUsageInfo HWIMGDEC - Supported SharedImageBackingFactory with usage: SHARED_IMAGE_USAGE_MIPMAP (2048)
01-23 21:01:51.364  6724  8397 D A04500/chromium: [shared_image_util.cc:75] PrintSharedImageUsageInfo HWIMGDEC - Supported SharedImageBackingFactory with usage: Unknown Usage (1048576)
01-23 21:01:51.364  6724  8397 D A04500/chromium: [shared_image_util.cc:75] PrintSharedImageUsageInfo HWIMGDEC - Supported SharedImageBackingFactory with usage: SHARED_IMAGE_USAGE_CPU_UPLOAD (67108864)
01-23 21:01:51.364  6724  8397 D A04500/chromium: [gpu_finch_features_ext.cc:32] vulkan switch config is: 0, cmd is: false
01-23 21:01:51.364  6724  8397 D A04500/chromium: [gpu_finch_features_ext.cc:54] vulkan drdc enabled 1
01-23 21:01:51.364  6724  8397 D A04500/chromium: [shared_image_util.cc:75] PrintSharedImageUsageInfo HWIMGDEC - Supported SharedImageBackingFactory with usage: SHARED_IMAGE_USAGE_GLES2_READ (1)
01-23 21:01:51.364  6724  8397 D A04500/chromium: [shared_image_util.cc:75] PrintSharedImageUsageInfo HWIMGDEC - Supported SharedImageBackingFactory with usage: SHARED_IMAGE_USAGE_RASTER_READ (2)
01-23 21:01:51.364  6724  8397 D A04500/chromium: [shared_image_util.cc:75] PrintSharedImageUsageInfo HWIMGDEC - Supported SharedImageBackingFactory with usage: SHARED_IMAGE_USAGE_DISPLAY_READ (4)
01-23 21:01:51.364  6724  8397 D A04500/chromium: [shared_image_util.cc:75] PrintSharedImageUsageInfo HWIMGDEC - Supported SharedImageBackingFactory with usage: SHARED_IMAGE_USAGE_DISPLAY_WRITE (8)
01-23 21:01:51.364  6724  8397 D A04500/chromium: [shared_image_util.cc:75] PrintSharedImageUsageInfo HWIMGDEC - Supported SharedImageBackingFactory with usage: SHARED_IMAGE_USAGE_SCANOUT (16)
01-23 21:01:51.364  6724  8397 D A04500/chromium: [shared_image_util.cc:75] PrintSharedImageUsageInfo HWIMGDEC - Supported SharedImageBackingFactory with usage: SHARED_IMAGE_USAGE_OOP_RASTERIZATION (32)
01-23 21:01:51.364  6724  8397 D A04500/chromium: [shared_image_util.cc:75] PrintSharedImageUsageInfo HWIMGDEC - Supported SharedImageBackingFactory with usage: SHARED_IMAGE_USAGE_WEBGPU_READ (64)
01-23 21:01:51.364  6724  8397 D A04500/chromium: [shared_image_util.cc:75] PrintSharedImageUsageInfo HWIMGDEC - Supported SharedImageBackingFactory with usage: SHARED_IMAGE_USAGE_CONCURRENT_READ_WRITE (128)
01-23 21:01:51.364  6724  8397 D A04500/chromium: [shared_image_util.cc:75] PrintSharedImageUsageInfo HWIMGDEC - Supported SharedImageBackingFactory with usage: SHARED_IMAGE_USAGE_WEBGPU_SWAP_CHAIN_TEXTURE (512)
01-23 21:01:51.364  6724  8397 D A04500/chromium: [shared_image_util.cc:75] PrintSharedImageUsageInfo HWIMGDEC - Supported SharedImageBackingFactory with usage: SHARED_IMAGE_USAGE_HIGH_PERFORMANCE_GPU (32768)
01-23 21:01:51.364  6724  8397 D A04500/chromium: [shared_image_util.cc:75] PrintSharedImageUsageInfo HWIMGDEC - Supported SharedImageBackingFactory with usage: SHARED_IMAGE_USAGE_WEBGPU_STORAGE_TEXTURE (262144)
01-23 21:01:51.364  6724  8397 D A04500/chromium: [shared_image_util.cc:75] PrintSharedImageUsageInfo HWIMGDEC - Supported SharedImageBackingFactory with usage: Unknown Usage (524288)
01-23 21:01:51.364  6724  8397 D A04500/chromium: [shared_image_util.cc:75] PrintSharedImageUsageInfo HWIMGDEC - Supported SharedImageBackingFactory with usage: Unknown Usage (1048576)
01-23 21:01:51.364  6724  8397 D A04500/chromium: [shared_image_util.cc:75] PrintSharedImageUsageInfo HWIMGDEC - Supported SharedImageBackingFactory with usage: Unknown Usage (2097152)
01-23 21:01:51.364  6724  8397 D A04500/chromium: [shared_image_util.cc:75] PrintSharedImageUsageInfo HWIMGDEC - Supported SharedImageBackingFactory with usage: Unknown Usage (4194304)
01-23 21:01:51.364  6724  8397 D A04500/chromium: [shared_image_util.cc:75] PrintSharedImageUsageInfo HWIMGDEC - Supported SharedImageBackingFactory with usage: Unknown Usage (8388608)
01-23 21:01:51.364  6724  8397 D A04500/chromium: [shared_image_util.cc:75] PrintSharedImageUsageInfo HWIMGDEC - Supported SharedImageBackingFactory with usage: SHARED_IMAGE_USAGE_CPU_UPLOAD (67108864)
01-23 21:01:51.364  6724  8397 D A04500/chromium: [shared_image_util.cc:75] PrintSharedImageUsageInfo HWIMGDEC - Supported SharedImageBackingFactory with usage: SHARED_IMAGE_USAGE_GLES2_READ (1)
01-23 21:01:51.365  6724  8397 D A04500/chromium: [shared_image_util.cc:75] PrintSharedImageUsageInfo HWIMGDEC - Supported SharedImageBackingFactory with usage: SHARED_IMAGE_USAGE_RASTER_READ (2)
01-23 21:01:51.365  6724  8397 D A04500/chromium: [shared_image_util.cc:75] PrintSharedImageUsageInfo HWIMGDEC - Supported SharedImageBackingFactory with usage: SHARED_IMAGE_USAGE_DISPLAY_READ (4)
01-23 21:01:51.365  6724  8397 D A04500/chromium: [shared_image_util.cc:75] PrintSharedImageUsageInfo HWIMGDEC - Supported SharedImageBackingFactory with usage: SHARED_IMAGE_USAGE_DISPLAY_WRITE (8)
01-23 21:01:51.365  6724  8397 D A04500/chromium: [shared_image_util.cc:75] PrintSharedImageUsageInfo HWIMGDEC - Supported SharedImageBackingFactory with usage: SHARED_IMAGE_USAGE_OOP_RASTERIZATION (32)
01-23 21:01:51.365  6724  8397 D A04500/chromium: [shared_image_util.cc:75] PrintSharedImageUsageInfo HWIMGDEC - Supported SharedImageBackingFactory with usage: SHARED_IMAGE_USAGE_WEBGPU_READ (64)
01-23 21:01:51.365  6724  8397 D A04500/chromium: [shared_image_util.cc:75] PrintSharedImageUsageInfo HWIMGDEC - Supported SharedImageBackingFactory with usage: SHARED_IMAGE_USAGE_WEBGPU_SWAP_CHAIN_TEXTURE (512)
01-23 21:01:51.365  6724  8397 D A04500/chromium: [shared_image_util.cc:75] PrintSharedImageUsageInfo HWIMGDEC - Supported SharedImageBackingFactory with usage: SHARED_IMAGE_USAGE_MACOS_VIDEO_TOOLBOX (1024)
01-23 21:01:51.365  6724  8397 D A04500/chromium: [shared_image_util.cc:75] PrintSharedImageUsageInfo HWIMGDEC - Supported SharedImageBackingFactory with usage: SHARED_IMAGE_USAGE_HIGH_PERFORMANCE_GPU (32768)
01-23 21:01:51.365  6724  8397 D A04500/chromium: [shared_image_util.cc:75] PrintSharedImageUsageInfo HWIMGDEC - Supported SharedImageBackingFactory with usage: SHARED_IMAGE_USAGE_WEBGPU_STORAGE_TEXTURE (262144)
01-23 21:01:51.365  6724  8397 D A04500/chromium: [shared_image_util.cc:75] PrintSharedImageUsageInfo HWIMGDEC - Supported SharedImageBackingFactory with usage: Unknown Usage (524288)
01-23 21:01:51.365  6724  8397 D A04500/chromium: [shared_image_util.cc:75] PrintSharedImageUsageInfo HWIMGDEC - Supported SharedImageBackingFactory with usage: Unknown Usage (1048576)
01-23 21:01:51.365  6724  8397 D A04500/chromium: [shared_image_util.cc:75] PrintSharedImageUsageInfo HWIMGDEC - Supported SharedImageBackingFactory with usage: Unknown Usage (2097152)
01-23 21:01:51.365  6724  8397 D A04500/chromium: [shared_image_util.cc:75] PrintSharedImageUsageInfo HWIMGDEC - Supported SharedImageBackingFactory with usage: Unknown Usage (4194304)
01-23 21:01:51.365  6724  8397 D A04500/chromium: [shared_image_util.cc:75] PrintSharedImageUsageInfo HWIMGDEC - Supported SharedImageBackingFactory with usage: Unknown Usage (8388608)
01-23 21:01:51.365  6724  8397 D A04500/chromium: [shared_image_util.cc:75] PrintSharedImageUsageInfo HWIMGDEC - Supported SharedImageBackingFactory with usage: SHARED_IMAGE_USAGE_GLES2_READ (1)
01-23 21:01:51.365  6724  8397 D A04500/chromium: [shared_image_util.cc:75] PrintSharedImageUsageInfo HWIMGDEC - Supported SharedImageBackingFactory with usage: SHARED_IMAGE_USAGE_RASTER_READ (2)
01-23 21:01:51.365  6724  8397 D A04500/chromium: [shared_image_util.cc:75] PrintSharedImageUsageInfo HWIMGDEC - Supported SharedImageBackingFactory with usage: SHARED_IMAGE_USAGE_DISPLAY_READ (4)
01-23 21:01:51.365  6724  8397 D A04500/chromium: [shared_image_util.cc:75] PrintSharedImageUsageInfo HWIMGDEC - Supported SharedImageBackingFactory with usage: SHARED_IMAGE_USAGE_DISPLAY_WRITE (8)
01-23 21:01:51.365  6724  8397 D A04500/chromium: [shared_image_util.cc:75] PrintSharedImageUsageInfo HWIMGDEC - Supported SharedImageBackingFactory with usage: SHARED_IMAGE_USAGE_SCANOUT (16)
01-23 21:01:51.365  6724  8397 D A04500/chromium: [shared_image_util.cc:75] PrintSharedImageUsageInfo HWIMGDEC - Supported SharedImageBackingFactory with usage: SHARED_IMAGE_USAGE_OOP_RASTERIZATION (32)
01-23 21:01:51.365  6724  8397 D A04500/chromium: [shared_image_util.cc:75] PrintSharedImageUsageInfo HWIMGDEC - Supported SharedImageBackingFactory with usage: SHARED_IMAGE_USAGE_WEBGPU_READ (64)
01-23 21:01:51.365  6724  8397 D A04500/chromium: [shared_image_util.cc:75] PrintSharedImageUsageInfo HWIMGDEC - Supported SharedImageBackingFactory with usage: SHARED_IMAGE_USAGE_CONCURRENT_READ_WRITE (128)
01-23 21:01:51.365  6724  8397 D A04500/chromium: [shared_image_util.cc:75] PrintSharedImageUsageInfo HWIMGDEC - Supported SharedImageBackingFactory with usage: SHARED_IMAGE_USAGE_VIDEO_DECODE (256)
01-23 21:01:51.365  6724  8397 D A04500/chromium: [shared_image_util.cc:75] PrintSharedImageUsageInfo HWIMGDEC - Supported SharedImageBackingFactory with usage: SHARED_IMAGE_USAGE_WEBGPU_SWAP_CHAIN_TEXTURE (512)
01-23 21:01:51.365  6724  8397 D A04500/chromium: [shared_image_util.cc:75] PrintSharedImageUsageInfo HWIMGDEC - Supported SharedImageBackingFactory with usage: SHARED_IMAGE_USAGE_HIGH_PERFORMANCE_GPU (32768)
01-23 21:01:51.365  6724  8397 D A04500/chromium: [shared_image_util.cc:75] PrintSharedImageUsageInfo HWIMGDEC - Supported SharedImageBackingFactory with usage: SHARED_IMAGE_USAGE_WEBGPU_STORAGE_TEXTURE (262144)
01-23 21:01:51.365  6724  8397 D A04500/chromium: [shared_image_util.cc:75] PrintSharedImageUsageInfo HWIMGDEC - Supported SharedImageBackingFactory with usage: Unknown Usage (524288)
01-23 21:01:51.365  6724  8397 D A04500/chromium: [shared_image_util.cc:75] PrintSharedImageUsageInfo HWIMGDEC - Supported SharedImageBackingFactory with usage: Unknown Usage (1048576)
01-23 21:01:51.365  6724  8397 D A04500/chromium: [shared_image_util.cc:75] PrintSharedImageUsageInfo HWIMGDEC - Supported SharedImageBackingFactory with usage: Unknown Usage (2097152)
01-23 21:01:51.365  6724  8397 D A04500/chromium: [shared_image_util.cc:75] PrintSharedImageUsageInfo HWIMGDEC - Supported SharedImageBackingFactory with usage: Unknown Usage (4194304)
01-23 21:01:51.365  6724  8397 D A04500/chromium: [shared_image_util.cc:75] PrintSharedImageUsageInfo HWIMGDEC - Supported SharedImageBackingFactory with usage: Unknown Usage (8388608)
01-23 21:01:51.365  6724  8397 D A04500/chromium: [shared_image_util.cc:75] PrintSharedImageUsageInfo HWIMGDEC - Supported SharedImageBackingFactory with usage: SHARED_IMAGE_USAGE_GLES2_READ (1)
01-23 21:01:51.365  6724  8397 D A04500/chromium: [shared_image_util.cc:75] PrintSharedImageUsageInfo HWIMGDEC - Supported SharedImageBackingFactory with usage: SHARED_IMAGE_USAGE_RASTER_READ (2)
01-23 21:01:51.365  6724  8397 D A04500/chromium: [shared_image_util.cc:75] PrintSharedImageUsageInfo HWIMGDEC - Supported SharedImageBackingFactory with usage: SHARED_IMAGE_USAGE_DISPLAY_READ (4)
01-23 21:01:51.365  6724  8397 D A04500/chromium: [shared_image_util.cc:75] PrintSharedImageUsageInfo HWIMGDEC - Supported SharedImageBackingFactory with usage: SHARED_IMAGE_USAGE_DISPLAY_WRITE (8)
01-23 21:01:51.365  6724  8397 D A04500/chromium: [shared_image_util.cc:75] PrintSharedImageUsageInfo HWIMGDEC - Supported SharedImageBackingFactory with usage: SHARED_IMAGE_USAGE_SCANOUT (16)
01-23 21:01:51.365  6724  8397 D A04500/chromium: [shared_image_util.cc:75] PrintSharedImageUsageInfo HWIMGDEC - Supported SharedImageBackingFactory with usage: SHARED_IMAGE_USAGE_OOP_RASTERIZATION (32)
01-23 21:01:51.365  6724  8397 D A04500/chromium: [shared_image_util.cc:75] PrintSharedImageUsageInfo HWIMGDEC - Supported SharedImageBackingFactory with usage: SHARED_IMAGE_USAGE_WEBGPU_READ (64)
01-23 21:01:51.365  6724  8397 D A04500/chromium: [shared_image_util.cc:75] PrintSharedImageUsageInfo HWIMGDEC - Supported SharedImageBackingFactory with usage: SHARED_IMAGE_USAGE_CONCURRENT_READ_WRITE (128)
01-23 21:01:51.365  6724  8397 D A04500/chromium: [shared_image_util.cc:75] PrintSharedImageUsageInfo HWIMGDEC - Supported SharedImageBackingFactory with usage: SHARED_IMAGE_USAGE_VIDEO_DECODE (256)
01-23 21:01:51.365  6724  8397 D A04500/chromium: [shared_image_util.cc:75] PrintSharedImageUsageInfo HWIMGDEC - Supported SharedImageBackingFactory with usage: SHARED_IMAGE_USAGE_WEBGPU_SWAP_CHAIN_TEXTURE (512)
01-23 21:01:51.365  6724  8397 D A04500/chromium: [shared_image_util.cc:75] PrintSharedImageUsageInfo HWIMGDEC - Supported SharedImageBackingFactory with usage: SHARED_IMAGE_USAGE_CPU_WRITE (4096)
01-23 21:01:51.365  6724  8397 D A04500/chromium: [shared_image_util.cc:75] PrintSharedImageUsageInfo HWIMGDEC - Supported SharedImageBackingFactory with usage: SHARED_IMAGE_USAGE_RASTER_DELEGATED_COMPOSITING (16384)
01-23 21:01:51.365  6724  8397 D A04500/chromium: [shared_image_util.cc:75] PrintSharedImageUsageInfo HWIMGDEC - Supported SharedImageBackingFactory with usage: SHARED_IMAGE_USAGE_HIGH_PERFORMANCE_GPU (32768)
01-23 21:01:51.365  6724  8397 D A04500/chromium: [shared_image_util.cc:75] PrintSharedImageUsageInfo HWIMGDEC - Supported SharedImageBackingFactory with usage: SHARED_IMAGE_USAGE_WEBGPU_STORAGE_TEXTURE (262144)
01-23 21:01:51.365  6724  8397 D A04500/chromium: [shared_image_util.cc:75] PrintSharedImageUsageInfo HWIMGDEC - Supported SharedImageBackingFactory with usage: Unknown Usage (524288)
01-23 21:01:51.365  6724  8397 D A04500/chromium: [shared_image_util.cc:75] PrintSharedImageUsageInfo HWIMGDEC - Supported SharedImageBackingFactory with usage: Unknown Usage (1048576)
01-23 21:01:51.365  6724  8397 D A04500/chromium: [shared_image_util.cc:75] PrintSharedImageUsageInfo HWIMGDEC - Supported SharedImageBackingFactory with usage: Unknown Usage (2097152)
01-23 21:01:51.365  6724  8397 D A04500/chromium: [shared_image_util.cc:75] PrintSharedImageUsageInfo HWIMGDEC - Supported SharedImageBackingFactory with usage: Unknown Usage (4194304)
01-23 21:01:51.365  6724  8397 D A04500/chromium: [shared_image_util.cc:75] PrintSharedImageUsageInfo HWIMGDEC - Supported SharedImageBackingFactory with usage: Unknown Usage (8388608)
01-23 21:01:51.365  6724  8397 D A04500/chromium: [shared_image_util.cc:75] PrintSharedImageUsageInfo HWIMGDEC - Supported SharedImageBackingFactory with usage: Unknown Usage (16777216)
01-23 21:01:51.365  6724  8397 D A04500/chromium: [shared_image_util.cc:75] PrintSharedImageUsageInfo HWIMGDEC - Supported SharedImageBackingFactory with usage: SHARED_IMAGE_USAGE_CPU_UPLOAD (67108864)
01-23 21:01:51.365  6724  8397 I A04500/chromium: [gl_surface_egl_ohos.cc:44] CreateNativeViewGLSurfaceEGLOhos:: normal surface, widgetid = 1
01-23 21:01:51.365  6724  8397 I A04500/chromium: [gl_surface_egl_ohos.cc:52] emulator CreateNativeViewGLSurfaceEGLOhos delay 100ms
01-23 21:01:51.467  6724  8397 D A04500/chromium: [nweb_native_window_tracker.cc:58] GetNativeWindowGet for native_window id = 1
01-23 21:01:51.467  6724  8397 I A04500/chromium: [gl_surface_egl_ohos.cc:73] NativeViewGLSurfaceEGLOhos add window ref.
01-23 21:01:51.467  6724  8397 I A04500/chromium: [gl_surface.cc:233] gl_surface, InitializeGLSurface
01-23 21:01:51.525  6724  8397 W C02510/load_hdi: LoadHdiImpl failed to get symbol of 'MapperImplRelease', do_dlsym failed: Symbol not found: MapperImplRelease, version: null so=/vendor/lib64/chipsetsdk/libmapper_service_1.0.z.so
01-23 21:01:51.527  6724  8397 I C02515/DISP: [DisplayBufferVdiImpl:33] start to initialize DisplayBufferVdiImpl
01-23 21:01:51.528  6724  8397 W C02510/load_hdi: LoadHdiImpl failed to get symbol of 'MetadataImplRelease', do_dlsym failed: Symbol not found: MetadataImplRelease, version: null so=/vendor/lib64/chipsetsdk/libmetadata_service_1.1.z.so
01-23 21:01:51.529  6724  8397 I C02515/DISP: [DisplayBufferVdiImpl:33] start to initialize DisplayBufferVdiImpl
01-23 21:01:51.530  6724  8397 W C02510/load_hdi: LoadHdiImpl failed to get symbol of 'MapperImplRelease', do_dlsym failed: Symbol not found: MapperImplRelease, version: null so=/vendor/lib64/chipsetsdk/libmapper_service_1.2.z.so
01-23 21:01:51.530  6724  8397 I C02515/DISP: [DisplayBufferVdiImpl:33] start to initialize DisplayBufferVdiImpl
01-23 21:01:51.531  6724  8397 W C02510/load_hdi: LoadHdiImpl failed to get symbol of 'MapperImplRelease', do_dlsym failed: Symbol not found: MapperImplRelease, version: null so=/vendor/lib64/passthrough/libmapper_service_1.3.z.so
01-23 21:01:51.531  6724  8397 I C02515/DISP: [DisplayBufferVdiImpl:33] start to initialize DisplayBufferVdiImpl
01-23 21:01:51.533  6724  8391 I A04500/chromium: [external_begin_frame_source_ohos.cc:86] ExternalBeginFrameSourceOHOS constructor!!!
01-23 21:01:51.534  6724  8391 I A04500/chromium: [external_begin_frame_source_ohos.cc:58] VSyncUserData constructor!!!
01-23 21:01:51.534  6724  8391 D A04500/chromium: [d_vsync_controller.cc:66] DVsyncController::GetIsFling: 0
01-23 21:01:51.534  6724  8391 I A04500/chromium: [root_compositor_frame_sink_impl_ext.cc:63] rootCompositorFrameSinkImpl::SetDrawMode
01-23 21:01:51.534  6724  8391 I A04500/chromium: [arkweb_display_utils.cc:211] SetDrawMode mode=0
01-23 21:01:51.535  6724  8391 I C01406/OHOS::RS: RSFrameRateLinker::Create id: 28879360098306
01-23 21:01:51.537  6724  8391 I C04500/webadapter: ReportKeyThread: ReportKeyThread status: 0, uid: 20020059, pid: 6724, tid:8401, role: 0
01-23 21:01:51.537  6724  8391 I A04500/chromium: [arkweb_display_utils.cc:296] Display::Resize newSize = 1323x2625
01-23 21:01:51.538  6724  8391 D A04500/chromium: [arkweb_display_utils.cc:300] Display::Resize,current_surface_size is :0x0
01-23 21:01:51.538  6724  8391 I A04500/chromium: [direct_renderer.cc:172] DirectRenderer::SetVisible status change, visible_ = 1
01-23 21:01:51.539  6724  8391 D A04500/chromium: [dynamic_frame_rate_decision.cc:159] SetVsyncEnabled 1, vsync_cnt_: 1
01-23 21:01:51.539  6724  8391 D A04500/chromium: [dynamic_frame_rate_decision.cc:233] SetFrameRateLinkerEnable 1
01-23 21:01:51.545  6724  8391 D A04500/chromium: [external_begin_frame_source_ohos.cc:165] ExternalBeginFrameSourceOHOS::OnVSyncImpl vsync_period_: 15799682
01-23 21:01:51.545  6724  8391 D A04500/chromium: [d_vsync_controller.cc:66] DVsyncController::GetIsFling: 0
01-23 21:01:51.549  6724  6724 I A04500/chromium: [async_layer_tree_frame_sink_utils.cc:79] web render log: first call SubmitCompositorFrame, local_surface_id = LocalSurfaceId(1, 1, D96B...)
01-23 21:01:51.549  6724  8391 D A04500/chromium: [gpu_finch_features_ext.cc:32] vulkan switch config is: 0, cmd is: false
01-23 21:01:51.560  6724  8391 D A04500/chromium: [external_begin_frame_source_ohos.cc:165] ExternalBeginFrameSourceOHOS::OnVSyncImpl vsync_period_: 15799682
01-23 21:01:51.560  6724  8391 D A04500/chromium: [d_vsync_controller.cc:66] DVsyncController::GetIsFling: 0
01-23 21:01:51.577  6724  8391 D A04500/chromium: [external_begin_frame_source_ohos.cc:165] ExternalBeginFrameSourceOHOS::OnVSyncImpl vsync_period_: 15799682
01-23 21:01:51.577  6724  8391 D A04500/chromium: [d_vsync_controller.cc:66] DVsyncController::GetIsFling: 0
01-23 21:01:51.592  6724  8391 D A04500/chromium: [external_begin_frame_source_ohos.cc:165] ExternalBeginFrameSourceOHOS::OnVSyncImpl vsync_period_: 15799682
01-23 21:01:51.592  6724  8391 D A04500/chromium: [d_vsync_controller.cc:66] DVsyncController::GetIsFling: 0
01-23 21:01:51.607  6724  8391 D A04500/chromium: [external_begin_frame_source_ohos.cc:165] ExternalBeginFrameSourceOHOS::OnVSyncImpl vsync_period_: 15799682
01-23 21:01:51.607  6724  8391 D A04500/chromium: [d_vsync_controller.cc:66] DVsyncController::GetIsFling: 0
01-23 21:01:51.607  6724  8391 D A04500/chromium: [dynamic_frame_rate_decision.cc:159] SetVsyncEnabled 0, vsync_cnt_: 0
01-23 21:01:51.607  6724  8391 D A04500/chromium: [dynamic_frame_rate_decision.cc:233] SetFrameRateLinkerEnable 0
01-23 21:01:51.622  6724  8391 D A04500/chromium: [dynamic_frame_rate_decision.cc:159] SetVsyncEnabled 1, vsync_cnt_: 1
01-23 21:01:51.622  6724  8391 D A04500/chromium: [dynamic_frame_rate_decision.cc:233] SetFrameRateLinkerEnable 1
01-23 21:01:51.627  6724  8391 D A04500/chromium: [gpu_finch_features_ext.cc:32] vulkan switch config is: 0, cmd is: false
01-23 21:01:51.627  6724  8391 D A04500/chromium: [gpu_finch_features_ext.cc:32] vulkan switch config is: 0, cmd is: false
01-23 21:01:51.628  6724  8397 I A04500/chromium: [gl_surface_egl_ohos.cc:189] NativeViewGLSurfaceEGLOhos::SetNativeInnerWeb is 0
01-23 21:01:51.628  6724  8397 I A04500/chromium: [gl_surface_egl_ohos.cc:197] NativeViewGLSurfaceEGLOhos::SetBypassVsyncCondition is 0
01-23 21:01:51.628  6724  8397 D A04500/chromium: [window_adapter_impl.cpp:55] NativeWindowSetBufferGeometry 1323 * 2625
01-23 21:01:51.632  6724  8397 W C02515/DGLES: [recycle_resource_id@context_common.cpp:589] null gpu context, give up recycle ids
01-23 21:01:51.632  6724  8397 W C02515/DGLES: [recycle_resource_id@context_common.cpp:589] null gpu context, give up recycle ids
01-23 21:01:51.640  6724  8401 E A04500/chromium: [external_begin_frame_source_ohos.cc:121] OnVSync data is nullptr
01-23 21:01:51.643  6724  8391 D A04500/chromium: [gpu_finch_features_ext.cc:32] vulkan switch config is: 0, cmd is: false
01-23 21:01:51.643  6724  8391 D A04500/chromium: [gpu_finch_features_ext.cc:32] vulkan switch config is: 0, cmd is: false
01-23 21:01:51.644  6724  8391 D A04500/chromium: [external_begin_frame_source_ohos.cc:165] ExternalBeginFrameSourceOHOS::OnVSyncImpl vsync_period_: 15799682
01-23 21:01:51.644  6724  8391 D A04500/chromium: [d_vsync_controller.cc:66] DVsyncController::GetIsFling: 0
01-23 21:01:51.656  6724  8391 D A04500/chromium: [dynamic_frame_rate_decision.cc:159] SetVsyncEnabled 0, vsync_cnt_: 0
01-23 21:01:51.656  6724  8391 D A04500/chromium: [dynamic_frame_rate_decision.cc:233] SetFrameRateLinkerEnable 0
01-23 21:01:51.704  6724  8397 I C02515/DISP: [ExpressFreeMem:317] freeMem bufferhandle gbuffer_id 28e0000007c, width 1, heigt 1
01-23 21:01:51.751  6724  8397 W C02515/DGLES: [recycle_resource_id@context_common.cpp:589] null gpu context, give up recycle ids
01-23 21:01:51.802  6724  8397 E C02515/DGLES: [d_glGetIntegerv_special@glv3_status.cpp:2683] unknown pname 8b9b data 0
01-23 21:01:51.802  6724  8397 E C02515/DGLES: [d_glGetIntegerv_special@glv3_status.cpp:2683] unknown pname 8b9a data 0
01-23 21:01:51.803  6724  8397 I A04500/chromium: [gl_surface_egl_ohos.cc:87] web render log: first call SwapBuffers, size = 1323x2625
01-23 21:01:51.804  6724  8397 I C01706/RsFrameReportExt: RsFrameReportExt:[LoadLibrary] load library success!
01-23 21:01:51.804  6724  8397 I C01706/RsFrameReportExt: RsFrameReportExt:[Init] dlopen libframe_ui_intf.so success!
01-23 21:01:51.807  6724  8397 I C01404/FrameSched: load library success!
01-23 21:01:51.849  6724  8397 E C02515/DGLES: [d_eglSwapBuffers_special@egl_gpu.cpp:563] sync get ret 0 error 1 sync_fd 153
01-23 21:01:51.849  6724  8397 W A04500/chromium: [gl_surface_egl_ohos.cc:100] web render log: eglSwapBuffers cost time = 45ms
01-23 21:01:51.853  6724  8391 D A04500/chromium: [dynamic_frame_rate_decision.cc:159] SetVsyncEnabled 1, vsync_cnt_: 1
01-23 21:01:51.853  6724  8391 D A04500/chromium: [dynamic_frame_rate_decision.cc:233] SetFrameRateLinkerEnable 1
01-23 21:01:51.854  6724  8391 D A04500/chromium: [dynamic_frame_rate_decision.cc:159] SetVsyncEnabled 0, vsync_cnt_: 0
01-23 21:01:51.854  6724  8391 D A04500/chromium: [dynamic_frame_rate_decision.cc:233] SetFrameRateLinkerEnable 0
01-23 21:01:52.325  6724  8372 E C0470a/GameServicePerf: [(HandleBufferData:65)]GameService-graphics: game opt disable
01-23 21:01:52.403  6724  6724 D A04500/chromium: [arkweb_render_process_host_impl_utils.cc:466] [themefont] flag file occurs error
01-23 21:01:52.404  6724  8360 I A04500/chromium: [arkweb_render_process_host_impl_utils.cc:538] TEST0324 ReportKeyThread pid = 8400, tid = 8426, role = 0
01-23 21:01:52.404  6724  6724 W A04500/chromium: [arkweb_render_process_host_impl_ext.cc:125] UpdateReaderModeConfig param reader_mode_config_data is null
01-23 21:01:52.404  6724  6724 D A04500/cef: [render_process_state_handler.cc:138] RenderProcessStateHandler::InitRenderProcessState: render_id: 8400 nweb_id: 1
01-23 21:01:52.404  6724  6724 D A04500/cef: [render_process_state_handler.cc:57] RenderProcessStateHandler::UpdateRenderProcessState: render_id:8400 nweb_id: 1 is_to_background: 0
01-23 21:01:52.404  6724  6724 D A04500/cef: [render_process_state_handler.cc:99] RenderProcessStateHandler::UpdateRenderProcessState: add new render: 8400 nweb_id: 1 state: 0
01-23 21:01:52.404  6724  6724 I A04500/cef: [render_process_state_handler.cc:111] RenderProcessStateHandler::UpdateRenderProcessState: ReportRenderProcessStatus render_id: 8400 report_background_state: 0
01-23 21:01:52.405  6724  8360 I C04500/webadapter: ReportKeyThread: ReportKeyThread status: 0, uid: 20020059, pid: 8400, tid:8426, role: 0
01-23 21:01:52.416  6724  6724 D A04500/cef: [render_process_state_handler.cc:126] UpdateRenderProcessState: delete from init list:  nweb_id: 1 state: 0
01-23 21:01:52.416  6724  6724 D A04500/cef: [render_process_state_handler.cc:144] RenderProcessStateHandler::InitRenderProcessState: size: 0
01-23 21:01:52.421  6724  6724 D A04500/chromium: [time_zone_monitor_ohos.cc:148] TimeZoneMonitor Create.
01-23 21:01:52.421  6724  6724 D A04500/chromium: [time_zone_monitor_ohos.cc:58] TimeZoneMonitorOhosImpl create.
01-23 21:01:52.421  6724  6724 I A04500/chromium: [date_time_format_adapter_impl.cpp:57] Reg Timezone Event.
01-23 21:01:52.421  6724  6724 D A04500/chromium: [time_zone_monitor_ohos.cc:82] Start listen timezone.
01-23 21:01:52.421  6724  6724 I A04500/chromium: [date_time_format_adapter_impl.cpp:87] start time_zone listen.
01-23 21:01:52.428  6724  6724 I C04500/webadapter: AttachSysPropObserver: properties key invalid in attach
01-23 21:01:52.428  6724  6724 I A04500/chromium: [sysprop_render_observer_ohos.cc:101] SysPropRenderObserverOhosImpl start to listen system parameter.
01-23 21:01:52.450  6724  8360 I A04500/chromium: [arkweb_render_process_host_impl_utils.cc:538] TEST0324 ReportKeyThread pid = 8400, tid = 8428, role = 2
01-23 21:01:52.451  6724  8360 I C04500/webadapter: ReportKeyThread: ReportKeyThread status: 0, uid: 20020059, pid: 8400, tid:8428, role: 2
01-23 21:01:52.491  6724  6724 I C04500/webadapter: ReportKeyThread: ReportKeyThread status: 0, uid: 20020059, pid: 8400, tid:8400, role: 2
01-23 21:01:52.532  6724  8371 D A04500/chromium: [page_res_parallel_preload_mgr_impl.cc:89] PRPPreload.PRParallelPreloadMgrImpl::StartPage, is_inited = 0, current page num = 0, web_handle_valid = 0, use_no_cache = 0
01-23 21:01:52.533  6724  6724 I A04500/chromium: [nweb_handler_delegate.cc:1814] NWebHandlerDelegate::OnNavigationEntryCommitted
01-23 21:01:52.533  6724  6724 I C0391b/AceWeb: [(100000:100000:scope)] WebPattern::UpdateImageOverlayStatus, event = 3, status = 0
01-23 21:01:52.535  6724  6724 I A04500/cef: [oh_autofill_manager.cc:568] Reset
01-23 21:01:52.536  6724  6724 E A04500/chromium: [declarative_content_is_bookmarked_condition_delegate.cc:158] RequestIsBookmarked failed to search url in bookmarks
01-23 21:01:52.536  6724  6724 I A04500/chromium: [nweb_handler_delegate.cc:1655] NWebHandlerDelegate::OnLoadStart
01-23 21:01:52.537  6724  6724 I C0391b/AceWeb: [(100000:100000:scope)] WebPattern::UpdateImageOverlayStatus, event = 3, status = 0
01-23 21:01:52.537  6724  6724 W A04500/chromium: [arkweb_native_object.cc:76] NativeArkWeb load start callback is nullptr
01-23 21:01:52.537  6724  6724 I A04500/chromium: [nweb_handler_delegate.cc:4963] NWebHandlerDelegate::OnLoadStarted
01-23 21:01:52.537  6724  6724 I A04500/cef: [browser_contents_delegate.cc:701] load type = 1
01-23 21:01:52.537  6724  6724 D A04500/chromium: [nweb_handler_delegate.cc:1992] NWebHandlerDelegate::OnRefreshAccessedHistory, intercepted url: ***, isReload = 0
01-23 21:01:52.538  6724  8391 D A04500/chromium: [dynamic_frame_rate_decision.cc:159] SetVsyncEnabled 1, vsync_cnt_: 1
01-23 21:01:52.538  6724  8391 D A04500/chromium: [dynamic_frame_rate_decision.cc:233] SetFrameRateLinkerEnable 1
01-23 21:01:52.541  6724  8391 I A04500/chromium: [arkweb_display_utils.cc:296] Display::Resize newSize = 1320x2622
01-23 21:01:52.541  6724  8391 D A04500/chromium: [arkweb_display_utils.cc:300] Display::Resize,current_surface_size is :1323x2625
01-23 21:01:52.541  6724  8391 D A04500/chromium: [external_begin_frame_source_ohos.cc:165] ExternalBeginFrameSourceOHOS::OnVSyncImpl vsync_period_: 15799682
01-23 21:01:52.541  6724  8391 D A04500/chromium: [d_vsync_controller.cc:66] DVsyncController::GetIsFling: 0
01-23 21:01:52.543  6724  6724 I C02b91/AVSession: [CurlSetRequestOptions]DoDownload curl easy_perform failure: URL using bad/illegal format or missing URL
01-23 21:01:52.544  6724  6724 I A04500/chromium: [media_avsession_adapter_impl.cpp:411] UpdateMetaData return updated: 1
01-23 21:01:52.545  6724  8391 D A04500/chromium: [gpu_finch_features_ext.cc:32] vulkan switch config is: 0, cmd is: false
01-23 21:01:52.546  6724  6724 I C0391b/AceWeb: [(100000:100000:scope)] WebPattern::InitDataDetector
01-23 21:01:52.546  6724  8391 D A04500/chromium: [gpu_finch_features_ext.cc:32] vulkan switch config is: 0, cmd is: false
01-23 21:01:52.546  6724  8391 D A04500/chromium: [gpu_finch_features_ext.cc:32] vulkan switch config is: 0, cmd is: false
01-23 21:01:52.547  6724  8391 D A04500/chromium: [gpu_finch_features_ext.cc:32] vulkan switch config is: 0, cmd is: false
01-23 21:01:52.547  6724  8397 D A04500/chromium: [window_adapter_impl.cpp:55] NativeWindowSetBufferGeometry 1320 * 2622
01-23 21:01:52.547  6724  8391 D A04500/chromium: [gpu_finch_features_ext.cc:32] vulkan switch config is: 0, cmd is: false
01-23 21:01:52.548  6724  8397 W C02515/DGLES: [recycle_resource_id@context_common.cpp:589] null gpu context, give up recycle ids
01-23 21:01:52.549  6724  8397 W C02515/DGLES: [recycle_resource_id@context_common.cpp:589] null gpu context, give up recycle ids
01-23 21:01:52.549  6724  8397 E C02515/DGLES: [d_eglDestroySurface_special@egl_surface.cpp:514] host is using destroying surface ptr 7f06d3e543f0 width 1323 height 2625 format 12 now_frame_gap 1 write_loc 6 check_loc 0 (need sync)
01-23 21:01:52.549  6724  8397 W C02515/DGLES: [recycle_resource_id@context_common.cpp:589] null gpu context, give up recycle ids
01-23 21:01:52.558  6724  8391 D A04500/chromium: [external_begin_frame_source_ohos.cc:165] ExternalBeginFrameSourceOHOS::OnVSyncImpl vsync_period_: 15799682
01-23 21:01:52.558  6724  8391 D A04500/chromium: [d_vsync_controller.cc:66] DVsyncController::GetIsFling: 0
01-23 21:01:52.569  6724  8397 I C02515/DISP: [ExpressFreeMem:317] freeMem bufferhandle gbuffer_id 28e0000007e, width 1323, heigt 2625
01-23 21:01:52.571  6724  8391 D A04500/chromium: [external_begin_frame_source_ohos.cc:165] ExternalBeginFrameSourceOHOS::OnVSyncImpl vsync_period_: 15799682
01-23 21:01:52.571  6724  8391 D A04500/chromium: [d_vsync_controller.cc:66] DVsyncController::GetIsFling: 0
01-23 21:01:52.572  6724  8391 D A04500/chromium: [dynamic_frame_rate_decision.cc:159] SetVsyncEnabled 0, vsync_cnt_: 0
01-23 21:01:52.572  6724  8391 D A04500/chromium: [dynamic_frame_rate_decision.cc:233] SetFrameRateLinkerEnable 0
01-23 21:01:52.586  6724  8366 D A04500/chromium: [gpu_finch_features_ext.cc:32] vulkan switch config is: 0, cmd is: false
01-23 21:01:52.595  6724  8366 D A04500/chromium: [gpu_finch_features_ext.cc:32] vulkan switch config is: 0, cmd is: false
01-23 21:01:52.601  6724  8381 I A04500/chromium: [gpu_mojo_media_client_ohos.cc:69] GetPlatformSupportedVideoDecoderConfigs
01-23 21:01:52.602  6724  8391 D A04500/chromium: [dynamic_frame_rate_decision.cc:159] SetVsyncEnabled 1, vsync_cnt_: 1
01-23 21:01:52.603  6724  8391 D A04500/chromium: [dynamic_frame_rate_decision.cc:233] SetFrameRateLinkerEnable 1
01-23 21:01:52.611  6724  6724 I C02b91/AVSession: [CurlSetRequestOptions]DoDownload curl easy_perform failure: URL using bad/illegal format or missing URL
01-23 21:01:52.611  6724  6724 I A04500/chromium: [media_avsession_adapter_impl.cpp:411] UpdateMetaData return updated: 1
01-23 21:01:52.619  6724  8397 W C02515/DGLES: [recycle_resource_id@context_common.cpp:589] null gpu context, give up recycle ids
01-23 21:01:52.621  6724  8391 D A04500/chromium: [external_begin_frame_source_ohos.cc:165] ExternalBeginFrameSourceOHOS::OnVSyncImpl vsync_period_: 15799682
01-23 21:01:52.621  6724  8391 D A04500/chromium: [d_vsync_controller.cc:66] DVsyncController::GetIsFling: 0
01-23 21:01:52.630  6724  6724 D A04500/chromium: [res_sched_report.cc:86] ResSchedReportImpl start to report gesture id from mojom
01-23 21:01:52.641  6724  8391 D A04500/chromium: [external_begin_frame_source_ohos.cc:165] ExternalBeginFrameSourceOHOS::OnVSyncImpl vsync_period_: 15799682
01-23 21:01:52.641  6724  8391 D A04500/chromium: [d_vsync_controller.cc:66] DVsyncController::GetIsFling: 0
01-23 21:01:52.652  6724  8391 D A04500/chromium: [external_begin_frame_source_ohos.cc:165] ExternalBeginFrameSourceOHOS::OnVSyncImpl vsync_period_: 15799682
01-23 21:01:52.652  6724  8391 D A04500/chromium: [d_vsync_controller.cc:66] DVsyncController::GetIsFling: 0
01-23 21:01:52.667  6724  8391 D A04500/chromium: [external_begin_frame_source_ohos.cc:165] ExternalBeginFrameSourceOHOS::OnVSyncImpl vsync_period_: 15799682
01-23 21:01:52.667  6724  8391 D A04500/chromium: [d_vsync_controller.cc:66] DVsyncController::GetIsFling: 0
01-23 21:01:52.682  6724  8391 D A04500/chromium: [external_begin_frame_source_ohos.cc:165] ExternalBeginFrameSourceOHOS::OnVSyncImpl vsync_period_: 15799682
01-23 21:01:52.682  6724  8391 D A04500/chromium: [d_vsync_controller.cc:66] DVsyncController::GetIsFling: 0
01-23 21:01:52.699  6724  8391 D A04500/chromium: [external_begin_frame_source_ohos.cc:165] ExternalBeginFrameSourceOHOS::OnVSyncImpl vsync_period_: 15799682
01-23 21:01:52.699  6724  8391 D A04500/chromium: [d_vsync_controller.cc:66] DVsyncController::GetIsFling: 0
01-23 21:01:52.722  6724  8397 I C02515/DISP: [ExpressFreeMem:317] freeMem bufferhandle gbuffer_id 28e0000007d, width 1323, heigt 2625
01-23 21:01:52.722  6724  8391 D A04500/chromium: [external_begin_frame_source_ohos.cc:165] ExternalBeginFrameSourceOHOS::OnVSyncImpl vsync_period_: 15799682
01-23 21:01:52.722  6724  8397 E C02515/DGLES: [d_eglSwapBuffers_special@egl_gpu.cpp:563] sync get ret 0 error 1 sync_fd 157
01-23 21:01:52.722  6724  8391 D A04500/chromium: [d_vsync_controller.cc:66] DVsyncController::GetIsFling: 0
01-23 21:01:52.722  6724  8397 W A04500/chromium: [gl_surface_egl_ohos.cc:100] web render log: eglSwapBuffers cost time = 51ms
01-23 21:01:52.730  6724  8391 D A04500/chromium: [external_begin_frame_source_ohos.cc:165] ExternalBeginFrameSourceOHOS::OnVSyncImpl vsync_period_: 15799682
01-23 21:01:52.730  6724  8391 D A04500/chromium: [d_vsync_controller.cc:66] DVsyncController::GetIsFling: 0
01-23 21:01:52.745  6724  8366 D A04500/chromium: [gpu_finch_features_ext.cc:32] vulkan switch config is: 0, cmd is: false
01-23 21:01:52.751  6724  8391 D A04500/chromium: [external_begin_frame_source_ohos.cc:165] ExternalBeginFrameSourceOHOS::OnVSyncImpl vsync_period_: 15799682
01-23 21:01:52.751  6724  8391 D A04500/chromium: [d_vsync_controller.cc:66] DVsyncController::GetIsFling: 0
01-23 21:01:52.761  6724  8391 D A04500/chromium: [external_begin_frame_source_ohos.cc:165] ExternalBeginFrameSourceOHOS::OnVSyncImpl vsync_period_: 15799682
01-23 21:01:52.762  6724  8391 D A04500/chromium: [d_vsync_controller.cc:66] DVsyncController::GetIsFling: 0
01-23 21:01:52.778  6724  8391 D A04500/chromium: [external_begin_frame_source_ohos.cc:165] ExternalBeginFrameSourceOHOS::OnVSyncImpl vsync_period_: 15799682
01-23 21:01:52.779  6724  8391 D A04500/chromium: [d_vsync_controller.cc:66] DVsyncController::GetIsFling: 0
01-23 21:01:52.779  6724  6724 I A01194/ARKWEB-CONSOLE: [CONSOLE:796] "Fetch API cannot load resource://rawfile/map.osm. URL scheme "resource" is not supported.", source: resource://rawfile/custom_map.html (796)
01-23 21:01:52.789  6724  8360 D A04500/cef: [ark_web_intercepted_request_handler_wrapper_helper.cc:77] OnRequestError -2
01-23 21:01:52.790  6724  6724 D A04500/cef: [ark_web_intercepted_request_handler_wrapper_helper.cc:209] OnRequestErrorInUiTask IsMainFrame: 0
01-23 21:01:52.791  6724  8360 I A04500/cef: [proxy_url_loader_factory.cc:1350] InterceptedRequest id 45117, OnDestroy for error_code: -2
01-23 21:01:52.793  6724  8391 D A04500/chromium: [external_begin_frame_source_ohos.cc:165] ExternalBeginFrameSourceOHOS::OnVSyncImpl vsync_period_: 15799682
01-23 21:01:52.793  6724  8391 D A04500/chromium: [d_vsync_controller.cc:66] DVsyncController::GetIsFling: 0
01-23 21:01:52.804  6724  6724 I C0391b/AceWeb: [(100000:100000:scope)] OnRootLayerChanged width : 1320, height : 2625
01-23 21:01:52.809  6724  8391 D A04500/chromium: [external_begin_frame_source_ohos.cc:165] ExternalBeginFrameSourceOHOS::OnVSyncImpl vsync_period_: 15799682
01-23 21:01:52.809  6724  8391 D A04500/chromium: [d_vsync_controller.cc:66] DVsyncController::GetIsFling: 0
01-23 21:01:52.813  6724  6724 I A04500/cef: [oh_autofill_manager.cc:498] ShouldParseForms
01-23 21:01:52.816  6724  8366 E C02515/DGLES: [d_glGetIntegerv_special@glv3_status.cpp:2683] unknown pname 8b9b data 0
01-23 21:01:52.818  6724  8360 D A04500/cef: [ark_web_intercepted_request_handler_wrapper_helper.cc:77] OnRequestError -2
01-23 21:01:52.818  6724  8360 I A04500/cef: [proxy_url_loader_factory.cc:1350] InterceptedRequest id 45119, OnDestroy for error_code: -2
01-23 21:01:52.818  6724  8366 E C02515/DGLES: [d_glGetIntegerv_special@glv3_status.cpp:2683] unknown pname 8b9a data 0
01-23 21:01:52.823  6724  6724 D A04500/cef: [ark_web_intercepted_request_handler_wrapper_helper.cc:209] OnRequestErrorInUiTask IsMainFrame: 0
01-23 21:01:52.824  6724  8360 D A04500/cef: [ark_web_intercepted_request_handler_wrapper_helper.cc:77] OnRequestError -2
01-23 21:01:52.824  6724  8360 I A04500/cef: [proxy_url_loader_factory.cc:1350] InterceptedRequest id 45121, OnDestroy for error_code: -2
01-23 21:01:52.824  6724  6724 I A04500/chromium: [arkweb_content_subresource_filter_throttle_manager_ext.cc:129] [AdBlock] subresource map.size():0
01-23 21:01:52.825  6724  6724 I A04500/chromium: [nweb_handler_delegate.cc:1688] NWebHandlerDelegate::OnLoadEnd
01-23 21:01:52.825  6724  8391 D A04500/chromium: [external_begin_frame_source_ohos.cc:165] ExternalBeginFrameSourceOHOS::OnVSyncImpl vsync_period_: 15799682
