01-23 21:01:50.708  6724  6724 E C04500/webadapter: GetArkWebVersion: Failed to initialize extractor for HAP file: /module_update/ArkWebCore/app/com.huawei.hmos.arkwebcore/ArkWebCore.hap
01-23 21:01:50.708  6724  6724 E C01305/Base: [zip_file.cpp(Open:280)]realpath error: 2, pathName: /system/app/com.ohos.arkwebcore/ArkWebCore.hap
01-23 21:01:50.708  6724  6724 E C04500/webadapter: GetArkWebVersion: Failed to initialize extractor for HAP file: /system/app/com.ohos.arkwebcore/ArkWebCore.hap
01-23 21:01:50.708  6724  6724 E C04500/webadapter: GetArkWebVersion: Failed to get ArkWeb version from any of the specified paths
01-23 21:01:50.710  6724  6724 I A04500/chromium: [nweb_impl.cc:1104] NWebImpl::InitializeWebEngine, begin
01-23 21:01:50.710  6724  6724 I A04500/chromium: [nweb_impl.cc:914] file ohos-command-line does not exist.
01-23 21:01:50.710  6724  6724 I A04500/chromium: [nweb_application.cc:85] NWebApplication::InitializeCef, is_initialized:1
01-23 21:01:50.710  6724  6724 I A04500/chromium: [nweb_application.cc:89] has initialized cef.
01-23 21:01:50.710  6724  6724 I C04500/webview: InitWebEngine: succeed to init web engine
01-23 21:01:50.710  6724  6724 I A04500/chromium: [nweb_handler_delegate.cc:703] RegisterNWebHandler
01-23 21:01:50.712  6724  6724 D A04500/cef: [alloy_browser_host_impl_ext.cc:431] SetWakeLockHandler enter, callback =1
01-23 21:01:50.713  6724  6724 D A04500/chromium: [nweb_screen_lock_tracker.cc:144] nweb screen add screen windowId:100000, id:0
01-23 21:01:50.716  6724  6724 W A04500/chromium: [pointer_device_ohos.cc:133] cannot find the MultiModal's path
01-23 21:01:50.722  6724  6724 I A04500/chromium: [nweb_preference_delegate.cc:421] Put JavaScript Enabled:1
01-23 21:01:50.725  6724  8356 I C01630/DistributedDB: [TimeHelper] init
01-23 21:01:50.726  6724  8356 I C01630/DistributedDB: [TimeHelper] init
01-23 21:01:50.726  6724  6724 I C02b91/AVSession: [CurlSetRequestOptions]DoDownload curl easy_perform failure: URL using bad/illegal format or missing URL
01-23 21:01:50.728  6724  8356 I C01650/Rdb: Config[Log]: Error(283) recovered 9 frames from WAL file /dat***/sto***/e**/bas***/cac***/w**/r**/web***hot.db-wal 
01-23 21:01:50.730  6724  6724 I C04500/webview: OH_NativeArkWeb_BindWebTagToWebInstance: native OH_NativeArkWeb_BindWebTagToWebInstance webTag: arkweb:0
01-23 21:01:50.730  6724  6724 I A04500/chromium: [arkweb_native_object.cc:136] NativeArkWeb BindWebTagToWebInstance webTag:arkweb:0
01-23 21:01:50.730  6724  6724 W A04500/chromium: [arkweb_native_object.cc:67] NativeArkWeb valid callback is nullptr
01-23 21:01:50.730  6724  6724 I C04500/webview: OH_NativeArkWeb_GetJavaScriptProxyValidCallback: native OH_Web_GetValidCallback, webTag: arkweb:0
01-23 21:01:50.730  6724  6724 W C04500/webview: SetWebId: native validCallback is null, callback nothing
01-23 21:01:50.732  6724  6724 I A04500/chromium: [nweb_inputmethod_handler.cc:1487] NWebInputMethodHandler::SetWindowIdForIME windowId: 46
01-23 21:01:50.732  6724  6724 I C0391b/AceWeb: [(100000:100000:scope)] device type does not satisfy.
01-23 21:01:50.732  6724  6724 I A04500/chromium: [nweb_impl.cc:1696] NWebImpl::SetDrawMode 0, nweb_id = 1
01-23 21:01:50.732  6724  6724 I A04500/chromium: [nweb_impl.cc:1712] NWebImpl::SetFitContentMode 0, nweb_id = 1
01-23 21:01:50.733  6724  6724 I C0391b/AceWeb: [(100000:100000:scope)] Web register contextMenu life cycle callback.
01-23 21:01:50.733  6724  6724 W C03926/AceTheme: [(100000:100000:scope)] style 125829872 not contains hyperlink_pattern!
01-23 21:01:50.733  6724  6724 I C0391b/AceWeb: [(100000:100000:scope)] WebDataDetectorAdapter::UpdateDataDetectorConfig
01-23 21:01:50.733  6724  6724 W C0391b/AceWeb: [(100000:100000:scope)] Using API Version less than 22
01-23 21:01:50.733  6724  6724 I C0391b/AceWeb: [(100000:100000:scope)] WebDataDetectorAdapter::SetSelectDataDetectorConfig: 0
01-23 21:01:50.733  6724  6724 I C0391b/AceWeb: [(100000:100000:scope)] WebDataDetectorAdapter::SetSelectDataDetectorConfig start
01-23 21:01:50.733  6724  6724 I C0391b/AceWeb: [(100000:100000:scope)] WebPattern::InitSelectDataDetector
01-23 21:01:50.733  6724  6724 I C0391b/AceWeb: [(100000:100000:scope)] Web InitAIDetectResult
01-23 21:01:50.733  6724  6724 I A04500/chromium: [nweb_delegate.cc:3931] NWebDelegate::SetForceEnableZoom 0
01-23 21:01:50.733  6724  6724 E C01305/Base: [zip_file.cpp(Open:280)]realpath error: 2, pathName: /module_update/ArkWebCore/app/com.huawei.hmos.arkwebcore/ArkWebCore.hap
01-23 21:01:50.733  6724  6724 E C04500/webadapter: GetArkWebVersion: Failed to initialize extractor for HAP file: /module_update/ArkWebCore/app/com.huawei.hmos.arkwebcore/ArkWebCore.hap
01-23 21:01:50.733  6724  6724 E C01305/Base: [zip_file.cpp(Open:280)]realpath error: 2, pathName: /system/app/com.ohos.arkwebcore/ArkWebCore.hap
01-23 21:01:50.733  6724  6724 E C04500/webadapter: GetArkWebVersion: Failed to initialize extractor for HAP file: /system/app/com.ohos.arkwebcore/ArkWebCore.hap
01-23 21:01:50.733  6724  6724 E C04500/webadapter: GetArkWebVersion: Failed to get ArkWeb version from any of the specified paths
01-23 21:01:50.736  6724  6724 D A04500/chromium: [window_adapter_impl.cpp:34] CreateNativeWindowFromSurface
01-23 21:01:50.738  6724  6724 D A04500/chromium: [window_adapter_impl.cpp:55] NativeWindowSetBufferGeometry 1 * 1
01-23 21:01:50.738  6724  6724 I A04500/chromium: [nweb_impl.cc:6380] popup window opt for emulator in init, result = 0
01-23 21:01:50.738  6724  6724 D A04500/chromium: [nweb_native_window_tracker.cc:32] Add native window id = 2
01-23 21:01:50.738  6724  6724 I C0391b/AceWeb: [(100000:100000:scope)] RegisterNativeJavaScriptProxy arkMessager have 1 callback
01-23 21:01:50.738  6724  6724 I A04500/chromium: [nweb_impl.cc:6575] NWebImpl::RegisterNativeJavaScriptProxy arkMessager
01-23 21:01:50.738  6724  6724 D A04500/cef: [oh_gin_javascript_bridge_dispatcher_host.cc:641] OhGinJavascriptBridgeDispatcherHost::RemoveNamedObject:Map is empty!
01-23 21:01:50.738  6724  6724 D A04500/cef: [oh_gin_javascript_bridge_dispatcher_host.cc:268] OhGinJavascriptBridgeDispatcherHost::ParseJson: permission string is empty
01-23 21:01:50.738  6724  6724 D A04500/cef: [oh_gin_javascript_bridge_dispatcher_host.cc:268] OhGinJavascriptBridgeDispatcherHost::ParseJson: permission string is empty
01-23 21:01:50.740  6724  6724 D A04500/chromium: [nweb_delegate.cc:1896] NWebDelegate::PutBackgroundColor color: 4294967295
01-23 21:01:50.741  6724  6724 I A04500/chromium: [nweb_preference_delegate.cc:421] Put JavaScript Enabled:1
01-23 21:01:50.743  6724  6724 I C0391b/AceWeb: [(100000:100000:scope)] WebDelegate::UpdateBypassVsyncCondition condition:0
01-23 21:01:50.743  6724  8356 I C01650/Rdb: ConnectionPool[Create]: code:0 app[com.example.nwpucampus:] area[el2] cfg[0,0,0,2,3,0,0]web***.db:<DB,0xc934d,4096,100660><DWR,0xc934e,12288,100660><SHM,0xc9352,32768,100660><WAL,0xc934f,37112,100660>, pathSize:52
01-23 21:01:50.743  6724  6724 I A04500/chromium: [nweb_preference_delegate.cc:112] NWebPreferenceDelegate::SetBypassVsyncCondition condition:0
01-23 21:01:50.743  6724  6724 I A04500/cef: [arkweb_browser_host_ext.cc:1417] ArkWebBrowserHostExtImpl::SetBypassVsyncCondition condition:0
01-23 21:01:50.743  6724  6724 I C04500/webview: PutZoomControlAccess: [webview]: function PutZoomControlAccess isn't existing
01-23 21:01:50.745  6724  6724 I A04500/chromium: [nweb_engine_impl.cc:103] SetWebDebuggingAccess(0), g_web_debugging_enabled[0], g_web_debugging_port[0]
01-23 21:01:50.745  6724  6724 I A04500/chromium: [nweb_preference_delegate.cc:562] Put Pinch Smooth Mode:0
01-23 21:01:50.751  6724  6724 I A04500/chromium: [feature_list_utils.cc:37] set Scrollbar:0 state:2
01-23 21:01:50.751  6724  6724 I A04500/chromium: [feature_list_utils.cc:56] scroll add feature: OverlayScrollbar state:2
01-23 21:01:50.751  6724  6724 I A04500/chromium: [feature_list_utils.cc:56] scroll add feature: ForceScrollbar state:2
01-23 21:01:50.752  6724  6724 D A04500/chromium: [nweb_delegate.cc:1920] NWebDelegate::PutOptimizeParserBudgetEnabled
01-23 21:01:50.752  6724  6724 I A04500/chromium: [nweb_preference_delegate.cc:1209] NWebPreferenceDelegate::PutWebMediaAVSessionEnabled enable:1
01-23 21:01:50.752  6724  6724 I A04500/chromium: [media_session_impl_for_include.cc:133] media avsession MediaSessionImpl::PutWebMediaAVSessionEnabled enable is: 1
01-23 21:01:50.752  6724  6724 I C0391b/AceWeb: [(100000:100000:scope)] WebDelegate::UpdateGestureFocusMode mode:0
01-23 21:01:50.754  6724  6724 D A04500/chromium: [nweb_delegate.cc:1896] NWebDelegate::PutBackgroundColor color: 4294967295
01-23 21:01:50.756  6724  6724 I A04500/chromium: [nweb_delegate.cc:5871] SetSurfaceDensity: 3.5
01-23 21:01:50.759  6724  6724 D A04500/chromium: [sliding_observer.cc:257] SlidingObserver::OnDisplayInfoChange
01-23 21:01:50.761  6724  6724 I A04500/chromium: [native_display_manager_adapter_impl.cpp:205] dpi: 465, xdpi: 465.665985,ydpi: 465.015015, width: 1320, height: 2856, phyScreenLength: 6.764331
01-23 21:01:50.762  6724  6724 D A04500/chromium: [nweb_impl.cc:3453] NWebImpl::OnRenderToForeground
01-23 21:01:50.762  6724  8356 I A04500/chromium: [ohos_web_snapshot_data_base.cpp:112] blankless GetOrOpen rdb version:4, current version:4
01-23 21:01:50.762  6724  6724 E C04500/webadapter: IsExistCaptureTask: cameraManager_ is nullptr
01-23 21:01:50.762  6724  6724 I A04500/chromium: [nweb_delegate.cc:1955] NWebDelegate::OnWindowShow, nweb id = 1
01-23 21:01:50.762  6724  6724 D A04500/cef: [alloy_browser_host_impl_ext.cc:1628] AlloyBrowserHostImplExt::OnWindowShow
01-23 21:01:50.762  6724  6724 D A04500/cef: [render_process_state_handler.cc:42] RenderProcessStateHandler::UpdateRenderProcessState: render process has not init, nweb_id: 1 is_to_background: 0
01-23 21:01:50.762  6724  6724 I A04500/cef: [alloy_browser_host_impl_ext.cc:1732] AlloyBrowserHostImplExt::SetVisible nweb_id: 1, visible 1
01-23 21:01:50.762  6724  6724 I C0391b/AceWeb: [(100000:100000:scope)] WebDataDetectorAdapter::GetAIMenu getting menu from ai_engine
01-23 21:01:50.763  6724  6724 I C0391b/AceWeb: [(100000:100000:scope)] Get AI entity menu from ai_engine
01-23 21:01:50.763  6724  6724 I C04202/WMSMain: VsyncCallbackInner: First vsync has come back, nodeId: 28879360098306
01-23 21:01:50.763  6724  8356 I A04500/chromium: [ohos_web_snapshot_data_base.cpp:344] blankless RegisterDataBaseCallback success
01-23 21:01:50.763  6724  8356 D A04500/chromium: [nweb_impl.cc:1559] BlanklessDataController instance init
01-23 21:01:50.764  6724  6724 I C0391b/AceWeb: [(100000:100000:scope)] WebPattern::OnActive webId:1, isActive:1
01-23 21:01:50.764  6724  6724 I C0391b/AceWeb: [(100000:100000:scope)] WebPattern::SetActiveStatusInner webId:1, isActive_:1, isActive:1, isForce:0
01-23 21:01:50.764  6724  6724 I C0391b/AceWeb: [(100000:100000:scope)] Not safe area, drawsize_ : [1320.00 x 2622.00], web id : 1
01-23 21:01:50.764  6724  6724 I C0391b/AceWeb: [(100000:100000:scope)] WebPattern::UpdateImageOverlayStatus, event = 3, status = 0
01-23 21:01:50.765  6724  6724 I C03900/Ace: [(100000:100000:scope)] ArkUi flush first frame messages.
01-23 21:01:50.765  6724  6724 I C0391c/AceFocus: [(100000:100000:scope)] Request focus on focusView: page/2.
01-23 21:01:50.765  6724  6724 I C0391c/AceFocus: [(100000:100000:scope)] WinFocusMove end, root/secure_field onBlur, Stack/secure_field onFocus, start: 2, end: 1, update: 2
01-23 21:01:50.765  6724  6724 I C03933/AceKeyboard: [(100000:100000:scope)] current focus node: (Stack/5). isDynamic: 0
01-23 21:01:50.765  6724  6724 I C03933/AceKeyboard: [(100000:100000:scope)] Trigger Window Focus Callback
01-23 21:01:50.765  6724  6724 I C03933/AceKeyboard: [(100000:100000:scope)] need keyboard : 0.
01-23 21:01:50.765  6724  6724 I C0420b/WMSKeyboard: id: 46, isNeedKeyboard: 0, keepKeyboardFlag: 0
01-23 21:01:50.765  6724  6724 I C0420b/WMSKeyboard: RequestInputMethodCloseKeyboard: Notify InputMethod framework close keyboard start.
01-23 21:01:50.779  6724  6724 D A04500/chromium: [sliding_observer.cc:257] SlidingObserver::OnDisplayInfoChange
01-23 21:01:50.780  6724  6724 I A04500/chromium: [native_display_manager_adapter_impl.cpp:205] dpi: 465, xdpi: 465.665985,ydpi: 465.015015, width: 1320, height: 2856, phyScreenLength: 6.764331
01-23 21:01:50.781  6724  6724 I C03903/AceSubWindow: [(100000:100000:scope)] hide menu ng exit, window not exist
01-23 21:01:50.781  6724  6724 I C03934/AceUIEvent: [(100000:100000:scope)] exp=1 ratio=1.000000 6-5 reason=1
01-23 21:01:50.781  6724  6724 I C0391b/AceWeb: [(100000:100000:scope)] WebPattern::OnVisibleAreaChange webId:1, isVisible:1, old_isVisible:1, isVisibleActiveEnable:1, isDialogNested:0, isFocus:0
01-23 21:01:50.782  6724  6724 I C04209/WMSImms: GetAvoidAreaByType: win [46 nwpucampus0] type 0 times 4 area top [0 0 1320 136] 
01-23 21:01:50.784  6724  6724 I C04209/WMSImms: GetAvoidAreaByType: win [46 nwpucampus0] type 1 times 5 area top [512 37 292 83] 
01-23 21:01:50.785  6724  6724 I C04209/WMSImms: GetAvoidAreaByType: win [46 nwpucampus0] type 4 times 6 area bottom [429 2758 462 98] 
01-23 21:01:50.785  6724  6724 I C04209/WMSImms: RegisterAvoidAreaChangeListener: win 46
01-23 21:01:50.785  6724  6724 I C0391b/AceWeb: [(100000:100000:scope)] RegisterAvoidAreaChangeListener result:0
01-23 21:01:50.785  6724  6724 I C04216/WMSPattern: FlushLayoutSize: NotifyFrameLayoutFinishFromApp, id: 46, rect: [0 0 1320 2856], notifyListener: 0
01-23 21:01:50.785  6724  6724 I C02d66/Hiview-PerfMonitor: ProcessJank: JankFrameMonitor::ProcessJank jank >= threshold
01-23 21:01:50.801  6724  6724 I A04500/chromium: [arkweb_device_data_manager_utils.cc:146] DeviceDataManager add mouse device id: 0
01-23 21:01:50.801  6724  6724 W A04500/chromium: [pointer_device_ohos.cc:133] cannot find the MultiModal's path
01-23 21:01:50.802  6724  6724 I A04500/chromium: [arkweb_device_data_manager_utils.cc:159] DeviceDataManager add touchpad device id: 1
01-23 21:01:50.802  6724  6724 W A04500/chromium: [pointer_device_ohos.cc:133] cannot find the MultiModal's path
01-23 21:01:50.802  6724  6724 I A04500/chromium: [arkweb_device_data_manager_utils.cc:134] DeviceDataManager add keyboard device id: 7
01-23 21:01:50.802  6724  6724 W A04500/chromium: [pointer_device_ohos.cc:133] cannot find the MultiModal's path
01-23 21:01:50.802  6724  6724 I A04500/chromium: [arkweb_device_data_manager_utils.cc:146] DeviceDataManager add mouse device id: 8
01-23 21:01:50.802  6724  6724 W A04500/chromium: [pointer_device_ohos.cc:133] cannot find the MultiModal's path
01-23 21:01:50.809  6724  6724 E A04500/chromium: [nweb_application.cc:213] There is no web inited callback to run.
01-23 21:01:50.809  6724  6724 I A04500/chromium: [nweb_file_writer_cleaner.cc:78] OnBackgroundTaskFinished.
01-23 21:01:50.809  6724  6724 W A04500/chromium: [media_session_ohos.cc:120] MediaSessionInfoChanged media avsession before Prepare return for type invalid
01-23 21:01:50.809  6724  6724 I A04500/chromium: [battery_mgr_client_adapter_impl.cpp:106] Reg Battery Event
01-23 21:01:50.809  6724  6724 I A04500/chromium: [battery_status_manager_ohos.cc:138] start listening battery change
01-23 21:01:50.809  6724  6724 I A04500/chromium: [battery_status_manager_ohos.cc:47] start listen
01-23 21:01:50.809  6724  6724 I A04500/chromium: [battery_mgr_client_adapter_impl.cpp:112] start battery listen
01-23 21:01:50.811  6724  6724 I A04500/chromium: [battery_status_manager_ohos.cc:58] fisrt request battery info
01-23 21:01:50.811  6724  6724 I A04500/chromium: [battery_mgr_client_adapter_impl.cpp:180] request batteryInfo
01-23 21:01:50.811  6724  6724 I C02921/BatteryFwk: Connecting PowerMgrService success, pid=6724
01-23 21:01:50.817  6724  6724 E A04500/chromium: [media_session_ohos.cc:182] MediaSessionImagesChangedmedia avsession avsession_adapter_ or metadata is null return
01-23 21:01:50.817  6724  6724 W A04500/chromium: [media_session_ohos.cc:201] MediaSessionPositionChanged media avsession avsession_adapter_ or position or av_position_ null
01-23 21:01:50.818  6724  8366 D A04500/chromium: [gpu_finch_features_ext.cc:32] vulkan switch config is: 0, cmd is: false
01-23 21:01:50.818  6724  8366 D A04500/chromium: [gpu_finch_features_ext.cc:54] vulkan drdc enabled 1
01-23 21:01:50.818  6724  8366 D A04500/chromium: [gpu_finch_features_ext.cc:32] vulkan switch config is: 0, cmd is: false
01-23 21:01:50.818  6724  8366 D A04500/chromium: [gpu_finch_features_ext.cc:54] vulkan drdc enabled 1
01-23 21:01:50.821  6724  8367 D A04500/chromium: [dynamic_frame_rate_decision.cc:190] DynamicFrameRateDecision::SetLTPOStrategy 3
01-23 21:01:50.822  6724  6724 I A04500/chromium: [nweb_output_handler.cc:105] NWeb size change from 1*1 to 1320*2622, nweb id = 1
01-23 21:01:50.822  6724  6724 D A04500/chromium: [window_adapter_impl.cpp:55] NativeWindowSetBufferGeometry 1320 * 2622
01-23 21:01:50.823  6724  6724 I A04500/chromium: [nweb_output_handler.cc:132] need to resize for emulator early firstly, result = 0
01-23 21:01:50.823  6724  6724 D A04500/chromium: [nweb_delegate.cc:1510] NWebDelegate::Load url: ***
01-23 21:01:50.824  6724  8371 D A04500/chromium: [page_res_parallel_preload_mgr_impl.cc:89] PRPPreload.PRParallelPreloadMgrImpl::StartPage, is_inited = 0, current page num = 0, web_handle_valid = 0, use_no_cache = 0
01-23 21:01:50.825  6724  8397 I C04500/webadapter: ReportKeyThread: ReportKeyThread status: 0, uid: 20020059, pid: 6724, tid:8397, role: 2
01-23 21:01:50.826  6724  8391 D A04500/chromium: [dynamic_frame_rate_decision.cc:200] SetLTPOStrategyImpl 3
01-23 21:01:50.826  6724  8391 D A04500/chromium: [dynamic_frame_rate_decision.cc:227] visible web component size is: 1
01-23 21:01:50.826  6724  8391 D A04500/chromium: [dynamic_frame_rate_decision.cc:233] SetFrameRateLinkerEnable 0
01-23 21:01:50.835  6724  6724 I A04500/chromium: [nweb_application.cc:221] NWebApplication::OnBeforeChildProcessLaunch
01-23 21:01:50.835  6724  6724 I A04500/chromium: [nweb_application.cc:257] hap package is not decompresssed
01-23 21:01:50.837  6724  6724 I A04500/cef: [arkweb_render_widget_host_view_osr_utils.cc:77] compositor construct, widget = 1
01-23 21:01:50.845  6724  8281 I C04208/WMSLayout: UpdateRect: id:46 name:nwpucampus0 rect:[0 0 1320 2856]->[0 0 1320 2856] reason:23 displayId:0
01-23 21:01:50.874  6724  6724 I A04500/cef: [arkweb_render_widget_host_view_osr_utils.cc:189] CefRenderWidgetHostViewOSR::ShowWithVisibility compositor
01-23 21:01:50.875  6724  6724 I A04500/cef: [render_widget_host_view_osr.cc:470] CefRenderWidgetHostViewOSR::ShowWithVisibility AttachToCompositor
01-23 21:01:50.886  6724  8398 I A04500/chromium: [feature_list_utils.cc:67] scrollbar modify features
01-23 21:01:50.888  6724  8360 D A04500/cef: [res_reporter.cc:47] ResReporter:[LoadLibrary]dlopen libframe_ui_intf.so failed!
01-23 21:01:50.888  6724  8360 D A04500/cef: [res_reporter.cc:33] ResReporter:[Init] dlopen libframe_ui_intf.so failed!
01-23 21:01:50.890  6724  8398 I C04500/webadapter: SaveBrowserConnect: AafwkAppMgrClientAdapterImpl SaveBrowserConnect success!
01-23 21:01:50.892  6724  8398 I A04500/chromium: [arkweb_child_process_launcher_helper_utils.cc:76] Initiate a request to AMS to create a child process, child type: renderer
01-23 21:01:50.893  6724  8398 I C04500/webadapter: StartChildProcess: AafwkAppMgrClientAdapterImpl::StartChildProcess, renderParamNew = /system/bin/web_render#--type=renderer#--string-annotations#--enable-crash-reporter=,#--user-data-dir=/data/storage/el2/base#--user-data-dir=/data/storage/el2/base/cache/web#--log-severity=info#--ohos-scheme-handler-custom-scheme={}#--user-hap-path=/data/storage/el1/bundle/entry.hap#--no-sandbox#--enable-touch-drag-drop#--enable-viewport#--no-zygote#--use-mobile-user-agent#--ozone-platform=headless#--bundle-installation-dir=/data/storage/el1/bundle#--bundle-name=com.example.nwpucampus#--virtual-pixel-ratio=3.500000#--ohos-enable-gwp-asan-type=renderer#--lang=zh-CN#--num-raster-threads=2#--gpu-rasterization-msaa-sample-count=1#--enable-main-frame-before-activation#--renderer-client-id=3#--time-ticks-at-unix-epoch=-1769162818536268#--launch-time-ticks=10492330541#--shared-files#--field-trial-handle=3,i,16945887031624415834,2471104624265099500,262144#--enable-features=ForceScrollbar,OverlayScrollbar,UseOzonePlatform#--disable-features=BackForwardCache,FencedFrames#--variations-seed-version#--enable-logging=stderr#--v=2#--v=2#--appEngineVersion=2, renderPid = 0
01-23 21:01:50.894  6724  6724 D A04500/chromium: [navigation_request.cc:2478] No matching Prerendered host found.
01-23 21:01:50.894  6724  6724 I A04500/chromium: [navigation_request.cc:2680] event_message:  is_browser_initiated_: 1 was_redirected_: 0 (FDE9267E7C9902FBE762626B98BC795A)
01-23 21:01:50.894  6724  6724 D A04500/cef: [alloy_browser_ua_config.cc:103] MatchUserAgent arkweb's default ua, host:rawfile, user_agent:Mozilla/5.0 (Phone; OpenHarmony 6.0) AppleWebKit/537.36 (KHTML, like Gecko) Chrome/132.0.0.0 Safari/537.36  ArkWeb/6.0.0.120 Mobile
01-23 21:01:50.894  6724  6724 D A04500/cef: [arkweb_useragent_utils.cc:145] MatchUserAgent match_type_no_nweb_ex is 4 user_agent_no_nweb_ex is Mozilla/5.0 (Phone; OpenHarmony 6.0) AppleWebKit/537.36 (KHTML, like Gecko) Chrome/132.0.0.0 Safari/537.36  ArkWeb/6.0.0.120 Mobile match_type_nweb_ex is 4 user_agent_nweb_ex is Mozilla/5.0 (Phone; OpenHarmony 6.0) AppleWebKit/537.36 (KHTML, like Gecko) Chrome/132.0.0.0 Safari/537.36  ArkWeb/6.0.0.120 Mobile
01-23 21:01:50.894  6724  6724 D A04500/cef: [arkweb_useragent_utils.cc:215] MaybeOverrideUserAgentOnStartNavigation host rawfile, final_ua Mozilla/5.0 (Phone; OpenHarmony 6.0) AppleWebKit/537.36 (KHTML, like Gecko) Chrome/132.0.0.0 Safari/537.36  ArkWeb/6.0.0.120 Mobile, user_gesture 0, main_frame 1, reload 0, serverd_from_bfcache 0, match_type 4
01-23 21:01:50.896  6724  6724 D A04500/chromium: [activation_state_computing_navigation_throttle.cc:79] [AdBlock] NotifyPageActivationWithRuleset activation_level:kDryRun
01-23 21:01:50.898  6724  6724 E A04500/chromium: [nweb_extension_tabs_dispatcher.cc:620] extension api listener is null
01-23 21:01:50.900  6724  6724 I A04500/chromium: [nweb_handler_delegate.cc:2060] NWebHandlerDelegate::OnBeforeBrowse
01-23 21:01:50.901  6724  6724 D A04500/chromium: [nweb_handler_delegate.cc:2091] NWebHandlerDelegate::OnBeforeBrowse OnHandleInterceptUrlLoading result: 0
01-23 21:01:50.916  6724  8366 I C02d11/DfxUnwinder: UnwindLocal:: fpUnwind: 0
01-23 21:01:50.969  6724  8366 I C02d11/DfxBacktrace: GetBacktrace elapsed time: 140 ms
01-23 21:01:50.970  6724  8366 W C02515/DGLES: [recycle_resource_id@context_common.cpp:589] null gpu context, give up recycle ids
01-23 21:01:50.975  6724  6724 I C0391c/AceFocus: [(100000:100000:scope)] Node: Web/secure_field RequestFocus.
01-23 21:01:50.977  6724  6724 I C02d06/XCollie: Application is in starting period.
01-23 21:01:50.977  6724  6724 D A04500/chromium: [nweb_impl.cc:5941] OnSafeInsetsChange nweb_id:1 0,0,0,0
01-23 21:01:50.977  6724  6724 D A04500/chromium: [nweb_impl.cc:5941] OnSafeInsetsChange nweb_id:1 0,0,0,0
01-23 21:01:50.981  6724  6724 I C0391c/AceFocus: [(100000:100000:scope)] Web/secure_field RequestFocusImmediately isOnMainTree:1
01-23 21:01:50.982  6724  6724 I C0391b/AceWeb: [(100000:100000:scope)] WebPattern::HandleFocusEvent webId:1, needOnFocus: 0.
01-23 21:01:50.982  6724  6724 D A04500/chromium: [nweb_delegate.cc:3149] NWebDelegate::OnFocus, nweb_id = 1
01-23 21:01:50.982  6724  6724 I A04500/chromium: [nweb_delegate.cc:3157] NWebDelegate::OnFocus set web focus, nweb_id = 1
01-23 21:01:50.982  6724  6724 I A04500/chromium: [nweb_handler_delegate.cc:3226] nweb_handler request focus successful, source = 1, nweb_id = 1
01-23 21:01:50.982  6724  6724 I A04500/cef: [render_widget_host_view_osr.cc:1668] CefRenderWidgetHostViewOSR::SetFocus:1
01-23 21:01:50.983  6724  6724 I A04500/chromium: [nweb_inputmethod_handler.cc:474] ReAttchOnfocus, don't need reattach input method
01-23 21:01:50.999  6724  6724 I C0391c/AceFocus: [(100000:100000:scope)] FocusSwitch end, Stack/secure_field onBlur, Web/secure_field onFocus, start: 2, end: 1, update: 2
01-23 21:01:51.000  6724  6724 I C03933/AceKeyboard: [(100000:100000:scope)] current focus node: (Web/6). isDynamic: 0
01-23 21:01:51.000  6724  6724 I A04500/chromium: [nweb_inputmethod_handler.cc:1145] NWebInputMethodHandler is_editable_node_ = 0
01-23 21:01:51.000  6724  6724 I A04500/chromium: [nweb_impl.cc:4975] no hittest edit text, web close keyboard.
01-23 21:01:51.000  6724  6724 I C03933/AceKeyboard: [(100000:100000:scope)] FrameNode(Web/6) notNeedSoftKeyboard.
01-23 21:01:51.000  6724  6724 I C02d66/Hiview-PerfMonitor: ProcessJank: JankFrameMonitor::ProcessJank jank >= threshold
01-23 21:01:51.012  6724  6724 D A04500/chromium: [navigation_request_utils.cc:90] PRPPreload.NavigationRequest::OnGetIsolation, canceled
01-23 21:01:51.012  6724  6724 I A04500/chromium: [nweb_extension_manager_dispatcher.cc:220] NWebExtensionManagerDispatcher::OnExtensionInitLoadEndCallBack
01-23 21:01:51.012  6724  6724 E A04500/chromium: [nweb_extension_manager_dispatcher.cc:222] No web extension manager listener
01-23 21:01:51.092  6724  8278 I C02d06/XCollie: success to submit dump trace
01-23 21:01:51.092  6724  8278 I C02d06/XCollie: Detect collect trace task complete.
01-23 21:01:51.103  6724  8290 I C02d06/XCollie: Dump trace failed, openTrace result: 1203
01-23 21:01:51.107  6724  8357 I A04500/chromium: [file_url_loader_factory_for_include.cc:114] ResourceURLLoader url: resource://rawfile/custom_map.***, path: resources/rawfile/custom_map.html
01-23 21:01:51.109  6724  8357 I A04500/chromium: [file_url_loader_factory_for_include.cc:160] GetRawFileData length: 37009
01-23 21:01:51.111  6724  8357 I A04500/chromium: [file_url_loader_factory_for_include.cc:245] ResourceURLLoader AddHeader mime_type text/html
01-23 21:01:51.112  6724  8357 I A04500/chromium: [file_url_loader_factory_for_include.cc:250] total_bytes_to_send: 35985
01-23 21:01:51.113  6724  6724 I A04500/chromium: [navigation_url_loader_impl.cc:1109] is_download 0 must_download 0 known_mime_type 1 mime_type text/html
01-23 21:01:51.118  6724  6724 D A04500/chromium: [profile_interaction_manager_for_include.cc:28] [Adblock] OnPageActivationComputed url : ***
01-23 21:01:51.119  6724  6724 D A04500/chromium: [profile_interaction_manager_for_include.cc:51] [Adblock] OnPageActivationComputed url11 : ***kDisabled
01-23 21:01:51.120  6724  8398 I C04500/webadapter: ReportKeyThread: ReportKeyThread status: 0, uid: 20020059, pid: 8400, tid:8400, role: 2
01-23 21:01:51.120  6724  8398 I C04500/webadapter: ReportStatusData: ReportWindowStatus status: 0, uid: 20020059, pid: 8400, windowId: 46, nwebId: 1, sn: 0
01-23 21:01:51.129  6724  6724 D A04500/chromium: [content_subresource_filter_throttle_manager.cc:192] [Adblock] ready to commit in frame navigation, url : ***, activation_level:kDisabled
01-23 21:01:51.131  6724  6724 D A04500/chromium: [navigation_request_utils.cc:116] [Adblock] CommitNavigation url : ***
01-23 21:01:51.131  6724  6724 I A04500/chromium: [render_frame_host_impl.cc:11605] event_message: commit navigation in main frame, routing_id: 1, url: ***, FDE9267E7C9902FBE762626B98BC795A
01-23 21:01:51.133  6724  8398 D A04500/chromium: [arkweb_child_process_launcher_helper_utils.cc:97] report render process create event success, render pid: 8400, process type = renderer
01-23 21:01:51.162  6724  6724 I C04208/WMSLayout: UpdateViewportConfig: Id: 46, reason: 23, windowRect: [0 0 1320 2856], displayOrientation: 0, config[0, 0, 0, 3.500000]
01-23 21:01:51.163  6724  6724 E A04500/chromium: [net_connect_adapter_impl.cpp:396] get default net failed, ret = 201.
01-23 21:01:51.163  6724  6724 D A04500/chromium: [nweb_impl.cc:6831] blankless net not available
01-23 21:01:51.165  6724  8366 D A04500/chromium: [gpu_finch_features_ext.cc:32] vulkan switch config is: 0, cmd is: false
01-23 21:01:51.165  6724  8366 D A04500/chromium: [gpu_finch_features_ext.cc:54] vulkan drdc enabled 1
01-23 21:01:51.171  6724  8366 D A04500/chromium: [shared_image_util.cc:75] PrintSharedImageUsageInfo HWIMGDEC - Supported SharedImageBackingFactory with usage: SHARED_IMAGE_USAGE_CPU_WRITE (4096)
01-23 21:01:51.171  6724  8366 D A04500/chromium: [shared_image_util.cc:75] PrintSharedImageUsageInfo HWIMGDEC - Supported SharedImageBackingFactory with usage: SHARED_IMAGE_USAGE_RASTER_READ (2)
01-23 21:01:51.171  6724  8366 D A04500/chromium: [shared_image_util.cc:75] PrintSharedImageUsageInfo HWIMGDEC - Supported SharedImageBackingFactory with usage: SHARED_IMAGE_USAGE_DISPLAY_READ (4)
01-23 21:01:51.171  6724  8366 D A04500/chromium: [shared_image_util.cc:75] PrintSharedImageUsageInfo HWIMGDEC - Supported SharedImageBackingFactory with usage: SHARED_IMAGE_USAGE_DISPLAY_WRITE (8)
01-23 21:01:51.171  6724  8366 D A04500/chromium: [shared_image_util.cc:75] PrintSharedImageUsageInfo HWIMGDEC - Supported SharedImageBackingFactory with usage: SHARED_IMAGE_USAGE_OOP_RASTERIZATION (32)
01-23 21:01:51.171  6724  8366 D A04500/chromium: [shared_image_util.cc:75] PrintSharedImageUsageInfo HWIMGDEC - Supported SharedImageBackingFactory with usage: SHARED_IMAGE_USAGE_MIPMAP (2048)
01-23 21:01:51.171  6724  8366 D A04500/chromium: [shared_image_util.cc:75] PrintSharedImageUsageInfo HWIMGDEC - Supported SharedImageBackingFactory with usage: Unknown Usage (1048576)
01-23 21:01:51.171  6724  8366 D A04500/chromium: [shared_image_util.cc:75] PrintSharedImageUsageInfo HWIMGDEC - Supported SharedImageBackingFactory with usage: SHARED_IMAGE_USAGE_CPU_UPLOAD (67108864)
01-23 21:01:51.171  6724  8366 D A04500/chromium: [gpu_finch_features_ext.cc:32] vulkan switch config is: 0, cmd is: false
01-23 21:01:51.171  6724  8366 D A04500/chromium: [gpu_finch_features_ext.cc:54] vulkan drdc enabled 1
01-23 21:01:51.171  6724  8366 D A04500/chromium: [shared_image_util.cc:75] PrintSharedImageUsageInfo HWIMGDEC - Supported SharedImageBackingFactory with usage: SHARED_IMAGE_USAGE_GLES2_READ (1)
01-23 21:01:51.171  6724  8366 D A04500/chromium: [shared_image_util.cc:75] PrintSharedImageUsageInfo HWIMGDEC - Supported SharedImageBackingFactory with usage: SHARED_IMAGE_USAGE_RASTER_READ (2)
01-23 21:01:51.171  6724  8366 D A04500/chromium: [shared_image_util.cc:75] PrintSharedImageUsageInfo HWIMGDEC - Supported SharedImageBackingFactory with usage: SHARED_IMAGE_USAGE_DISPLAY_READ (4)
01-23 21:01:51.171  6724  8366 D A04500/chromium: [shared_image_util.cc:75] PrintSharedImageUsageInfo HWIMGDEC - Supported SharedImageBackingFactory with usage: SHARED_IMAGE_USAGE_DISPLAY_WRITE (8)
01-23 21:01:51.171  6724  8366 D A04500/chromium: [shared_image_util.cc:75] PrintSharedImageUsageInfo HWIMGDEC - Supported SharedImageBackingFactory with usage: SHARED_IMAGE_USAGE_SCANOUT (16)
01-23 21:01:51.171  6724  8366 D A04500/chromium: [shared_image_util.cc:75] PrintSharedImageUsageInfo HWIMGDEC - Supported SharedImageBackingFactory with usage: SHARED_IMAGE_USAGE_OOP_RASTERIZATION (32)
01-23 21:01:51.171  6724  8366 D A04500/chromium: [shared_image_util.cc:75] PrintSharedImageUsageInfo HWIMGDEC - Supported SharedImageBackingFactory with usage: SHARED_IMAGE_USAGE_WEBGPU_READ (64)
01-23 21:01:51.171  6724  8366 D A04500/chromium: [shared_image_util.cc:75] PrintSharedImageUsageInfo HWIMGDEC - Supported SharedImageBackingFactory with usage: SHARED_IMAGE_USAGE_CONCURRENT_READ_WRITE (128)
01-23 21:01:51.171  6724  8366 D A04500/chromium: [shared_image_util.cc:75] PrintSharedImageUsageInfo HWIMGDEC - Supported SharedImageBackingFactory with usage: SHARED_IMAGE_USAGE_WEBGPU_SWAP_CHAIN_TEXTURE (512)
01-23 21:01:51.171  6724  8366 D A04500/chromium: [shared_image_util.cc:75] PrintSharedImageUsageInfo HWIMGDEC - Supported SharedImageBackingFactory with usage: SHARED_IMAGE_USAGE_HIGH_PERFORMANCE_GPU (32768)
01-23 21:01:51.171  6724  8366 D A04500/chromium: [shared_image_util.cc:75] PrintSharedImageUsageInfo HWIMGDEC - Supported SharedImageBackingFactory with usage: SHARED_IMAGE_USAGE_WEBGPU_STORAGE_TEXTURE (262144)
01-23 21:01:51.171  6724  8366 D A04500/chromium: [shared_image_util.cc:75] PrintSharedImageUsageInfo HWIMGDEC - Supported SharedImageBackingFactory with usage: Unknown Usage (524288)
01-23 21:01:51.171  6724  8366 D A04500/chromium: [shared_image_util.cc:75] PrintSharedImageUsageInfo HWIMGDEC - Supported SharedImageBackingFactory with usage: Unknown Usage (1048576)
01-23 21:01:51.171  6724  8366 D A04500/chromium: [shared_image_util.cc:75] PrintSharedImageUsageInfo HWIMGDEC - Supported SharedImageBackingFactory with usage: Unknown Usage (2097152)
01-23 21:01:51.171  6724  8366 D A04500/chromium: [shared_image_util.cc:75] PrintSharedImageUsageInfo HWIMGDEC - Supported SharedImageBackingFactory with usage: Unknown Usage (4194304)
01-23 21:01:51.171  6724  8366 D A04500/chromium: [shared_image_util.cc:75] PrintSharedImageUsageInfo HWIMGDEC - Supported SharedImageBackingFactory with usage: Unknown Usage (8388608)
01-23 21:01:51.171  6724  8366 D A04500/chromium: [shared_image_util.cc:75] PrintSharedImageUsageInfo HWIMGDEC - Supported SharedImageBackingFactory with usage: SHARED_IMAGE_USAGE_CPU_UPLOAD (67108864)
01-23 21:01:51.172  6724  8366 D A04500/chromium: [shared_image_util.cc:75] PrintSharedImageUsageInfo HWIMGDEC - Supported SharedImageBackingFactory with usage: SHARED_IMAGE_USAGE_GLES2_READ (1)
01-23 21:01:51.172  6724  8366 D A04500/chromium: [shared_image_util.cc:75] PrintSharedImageUsageInfo HWIMGDEC - Supported SharedImageBackingFactory with usage: SHARED_IMAGE_USAGE_RASTER_READ (2)
01-23 21:01:51.172  6724  8366 D A04500/chromium: [shared_image_util.cc:75] PrintSharedImageUsageInfo HWIMGDEC - Supported SharedImageBackingFactory with usage: SHARED_IMAGE_USAGE_DISPLAY_READ (4)
01-23 21:01:51.173  6724  8366 D A04500/chromium: [shared_image_util.cc:75] PrintSharedImageUsageInfo HWIMGDEC - Supported SharedImageBackingFactory with usage: SHARED_IMAGE_USAGE_DISPLAY_WRITE (8)
01-23 21:01:51.173  6724  8366 D A04500/chromium: [shared_image_util.cc:75] PrintSharedImageUsageInfo HWIMGDEC - Supported SharedImageBackingFactory with usage: SHARED_IMAGE_USAGE_OOP_RASTERIZATION (32)
01-23 21:01:51.173  6724  8366 D A04500/chromium: [shared_image_util.cc:75] PrintSharedImageUsageInfo HWIMGDEC - Supported SharedImageBackingFactory with usage: SHARED_IMAGE_USAGE_WEBGPU_READ (64)
01-23 21:01:51.173  6724  8366 D A04500/chromium: [shared_image_util.cc:75] PrintSharedImageUsageInfo HWIMGDEC - Supported SharedImageBackingFactory with usage: SHARED_IMAGE_USAGE_WEBGPU_SWAP_CHAIN_TEXTURE (512)
01-23 21:01:51.173  6724  8366 D A04500/chromium: [shared_image_util.cc:75] PrintSharedImageUsageInfo HWIMGDEC - Supported SharedImageBackingFactory with usage: SHARED_IMAGE_USAGE_MACOS_VIDEO_TOOLBOX (1024)
01-23 21:01:51.173  6724  8366 D A04500/chromium: [shared_image_util.cc:75] PrintSharedImageUsageInfo HWIMGDEC - Supported SharedImageBackingFactory with usage: SHARED_IMAGE_USAGE_HIGH_PERFORMANCE_GPU (32768)
01-23 21:01:51.173  6724  8366 D A04500/chromium: [shared_image_util.cc:75] PrintSharedImageUsageInfo HWIMGDEC - Supported SharedImageBackingFactory with usage: SHARED_IMAGE_USAGE_WEBGPU_STORAGE_TEXTURE (262144)
01-23 21:01:51.173  6724  8366 D A04500/chromium: [shared_image_util.cc:75] PrintSharedImageUsageInfo HWIMGDEC - Supported SharedImageBackingFactory with usage: Unknown Usage (524288)
01-23 21:01:51.173  6724  8366 D A04500/chromium: [shared_image_util.cc:75] PrintSharedImageUsageInfo HWIMGDEC - Supported SharedImageBackingFactory with usage: Unknown Usage (1048576)
01-23 21:01:51.173  6724  8366 D A04500/chromium: [shared_image_util.cc:75] PrintSharedImageUsageInfo HWIMGDEC - Supported SharedImageBackingFactory with usage: Unknown Usage (2097152)
01-23 21:01:51.173  6724  8366 D A04500/chromium: [shared_image_util.cc:75] PrintSharedImageUsageInfo HWIMGDEC - Supported SharedImageBackingFactory with usage: Unknown Usage (4194304)
01-23 21:01:51.173  6724  8366 D A04500/chromium: [shared_image_util.cc:75] PrintSharedImageUsageInfo HWIMGDEC - Supported SharedImageBackingFactory with usage: Unknown Usage (8388608)
01-23 21:01:51.173  6724  8366 D A04500/chromium: [shared_image_util.cc:75] PrintSharedImageUsageInfo HWIMGDEC - Supported SharedImageBackingFactory with usage: SHARED_IMAGE_USAGE_GLES2_READ (1)
01-23 21:01:51.173  6724  8366 D A04500/chromium: [shared_image_util.cc:75] PrintSharedImageUsageInfo HWIMGDEC - Supported SharedImageBackingFactory with usage: SHARED_IMAGE_USAGE_RASTER_READ (2)
01-23 21:01:51.173  6724  8366 D A04500/chromium: [shared_image_util.cc:75] PrintSharedImageUsageInfo HWIMGDEC - Supported SharedImageBackingFactory with usage: SHARED_IMAGE_USAGE_DISPLAY_READ (4)
01-23 21:01:51.173  6724  8366 D A04500/chromium: [shared_image_util.cc:75] PrintSharedImageUsageInfo HWIMGDEC - Supported SharedImageBackingFactory with usage: SHARED_IMAGE_USAGE_DISPLAY_WRITE (8)
01-23 21:01:51.173  6724  8366 D A04500/chromium: [shared_image_util.cc:75] PrintSharedImageUsageInfo HWIMGDEC - Supported SharedImageBackingFactory with usage: SHARED_IMAGE_USAGE_SCANOUT (16)
01-23 21:01:51.173  6724  8366 D A04500/chromium: [shared_image_util.cc:75] PrintSharedImageUsageInfo HWIMGDEC - Supported SharedImageBackingFactory with usage: SHARED_IMAGE_USAGE_OOP_RASTERIZATION (32)
01-23 21:01:51.173  6724  8366 D A04500/chromium: [shared_image_util.cc:75] PrintSharedImageUsageInfo HWIMGDEC - Supported SharedImageBackingFactory with usage: SHARED_IMAGE_USAGE_WEBGPU_READ (64)
01-23 21:01:51.173  6724  8366 D A04500/chromium: [shared_image_util.cc:75] PrintSharedImageUsageInfo HWIMGDEC - Supported SharedImageBackingFactory with usage: SHARED_IMAGE_USAGE_CONCURRENT_READ_WRITE (128)
01-23 21:01:51.173  6724  8366 D A04500/chromium: [shared_image_util.cc:75] PrintSharedImageUsageInfo HWIMGDEC - Supported SharedImageBackingFactory with usage: SHARED_IMAGE_USAGE_VIDEO_DECODE (256)
01-23 21:01:51.173  6724  8366 D A04500/chromium: [shared_image_util.cc:75] PrintSharedImageUsageInfo HWIMGDEC - Supported SharedImageBackingFactory with usage: SHARED_IMAGE_USAGE_WEBGPU_SWAP_CHAIN_TEXTURE (512)
01-23 21:01:51.173  6724  8366 D A04500/chromium: [shared_image_util.cc:75] PrintSharedImageUsageInfo HWIMGDEC - Supported SharedImageBackingFactory with usage: SHARED_IMAGE_USAGE_HIGH_PERFORMANCE_GPU (32768)
01-23 21:01:51.173  6724  8366 D A04500/chromium: [shared_image_util.cc:75] PrintSharedImageUsageInfo HWIMGDEC - Supported SharedImageBackingFactory with usage: SHARED_IMAGE_USAGE_WEBGPU_STORAGE_TEXTURE (262144)
01-23 21:01:51.173  6724  8366 D A04500/chromium: [shared_image_util.cc:75] PrintSharedImageUsageInfo HWIMGDEC - Supported SharedImageBackingFactory with usage: Unknown Usage (524288)
01-23 21:01:51.173  6724  8366 D A04500/chromium: [shared_image_util.cc:75] PrintSharedImageUsageInfo HWIMGDEC - Supported SharedImageBackingFactory with usage: Unknown Usage (1048576)
01-23 21:01:51.173  6724  8366 D A04500/chromium: [shared_image_util.cc:75] PrintSharedImageUsageInfo HWIMGDEC - Supported SharedImageBackingFactory with usage: Unknown Usage (2097152)
01-23 21:01:51.173  6724  8366 D A04500/chromium: [shared_image_util.cc:75] PrintSharedImageUsageInfo HWIMGDEC - Supported SharedImageBackingFactory with usage: Unknown Usage (4194304)
01-23 21:01:51.177  6724  8366 D A04500/chromium: [shared_image_util.cc:75] PrintSharedImageUsageInfo HWIMGDEC - Supported SharedImageBackingFactory with usage: Unknown Usage (8388608)
01-23 21:01:51.178  6724  8366 D A04500/chromium: [shared_image_util.cc:75] PrintSharedImageUsageInfo HWIMGDEC - Supported SharedImageBackingFactory with usage: SHARED_IMAGE_USAGE_GLES2_READ (1)
01-23 21:01:51.180  6724  8366 D A04500/chromium: [shared_image_util.cc:75] PrintSharedImageUsageInfo HWIMGDEC - Supported SharedImageBackingFactory with usage: SHARED_IMAGE_USAGE_RASTER_READ (2)
01-23 21:01:51.180  6724  8366 D A04500/chromium: [shared_image_util.cc:75] PrintSharedImageUsageInfo HWIMGDEC - Supported SharedImageBackingFactory with usage: SHARED_IMAGE_USAGE_DISPLAY_READ (4)
01-23 21:01:51.180  6724  8366 D A04500/chromium: [shared_image_util.cc:75] PrintSharedImageUsageInfo HWIMGDEC - Supported SharedImageBackingFactory with usage: SHARED_IMAGE_USAGE_DISPLAY_WRITE (8)
01-23 21:01:51.180  6724  8366 D A04500/chromium: [shared_image_util.cc:75] PrintSharedImageUsageInfo HWIMGDEC - Supported SharedImageBackingFactory with usage: SHARED_IMAGE_USAGE_SCANOUT (16)
01-23 21:01:51.180  6724  8366 D A04500/chromium: [shared_image_util.cc:75] PrintSharedImageUsageInfo HWIMGDEC - Supported SharedImageBackingFactory with usage: SHARED_IMAGE_USAGE_OOP_RASTERIZATION (32)
01-23 21:01:51.181  6724  8366 D A04500/chromium: [shared_image_util.cc:75] PrintSharedImageUsageInfo HWIMGDEC - Supported SharedImageBackingFactory with usage: SHARED_IMAGE_USAGE_WEBGPU_READ (64)
01-23 21:01:51.181  6724  8366 D A04500/chromium: [shared_image_util.cc:75] PrintSharedImageUsageInfo HWIMGDEC - Supported SharedImageBackingFactory with usage: SHARED_IMAGE_USAGE_CONCURRENT_READ_WRITE (128)
01-23 21:01:51.181  6724  8366 D A04500/chromium: [shared_image_util.cc:75] PrintSharedImageUsageInfo HWIMGDEC - Supported SharedImageBackingFactory with usage: SHARED_IMAGE_USAGE_VIDEO_DECODE (256)
01-23 21:01:51.181  6724  8366 D A04500/chromium: [shared_image_util.cc:75] PrintSharedImageUsageInfo HWIMGDEC - Supported SharedImageBackingFactory with usage: SHARED_IMAGE_USAGE_WEBGPU_SWAP_CHAIN_TEXTURE (512)
01-23 21:01:51.181  6724  8366 D A04500/chromium: [shared_image_util.cc:75] PrintSharedImageUsageInfo HWIMGDEC - Supported SharedImageBackingFactory with usage: SHARED_IMAGE_USAGE_CPU_WRITE (4096)
01-23 21:01:51.181  6724  8366 D A04500/chromium: [shared_image_util.cc:75] PrintSharedImageUsageInfo HWIMGDEC - Supported SharedImageBackingFactory with usage: SHARED_IMAGE_USAGE_RASTER_DELEGATED_COMPOSITING (16384)
01-23 21:01:51.181  6724  8366 D A04500/chromium: [shared_image_util.cc:75] PrintSharedImageUsageInfo HWIMGDEC - Supported SharedImageBackingFactory with usage: SHARED_IMAGE_USAGE_HIGH_PERFORMANCE_GPU (32768)
01-23 21:01:51.181  6724  8366 D A04500/chromium: [shared_image_util.cc:75] PrintSharedImageUsageInfo HWIMGDEC - Supported SharedImageBackingFactory with usage: SHARED_IMAGE_USAGE_WEBGPU_STORAGE_TEXTURE (262144)
01-23 21:01:51.181  6724  8366 D A04500/chromium: [shared_image_util.cc:75] PrintSharedImageUsageInfo HWIMGDEC - Supported SharedImageBackingFactory with usage: Unknown Usage (524288)
01-23 21:01:51.181  6724  8366 D A04500/chromium: [shared_image_util.cc:75] PrintSharedImageUsageInfo HWIMGDEC - Supported SharedImageBackingFactory with usage: Unknown Usage (1048576)
01-23 21:01:51.181  6724  8366 D A04500/chromium: [shared_image_util.cc:75] PrintSharedImageUsageInfo HWIMGDEC - Supported SharedImageBackingFactory with usage: Unknown Usage (2097152)
01-23 21:01:51.181  6724  8366 D A04500/chromium: [shared_image_util.cc:75] PrintSharedImageUsageInfo HWIMGDEC - Supported SharedImageBackingFactory with usage: Unknown Usage (4194304)
01-23 21:01:51.181  6724  8366 D A04500/chromium: [shared_image_util.cc:75] PrintSharedImageUsageInfo HWIMGDEC - Supported SharedImageBackingFactory with usage: Unknown Usage (8388608)
01-23 21:01:51.181  6724  8366 D A04500/chromium: [shared_image_util.cc:75] PrintSharedImageUsageInfo HWIMGDEC - Supported SharedImageBackingFactory with usage: Unknown Usage (16777216)
01-23 21:01:51.181  6724  8366 D A04500/chromium: [shared_image_util.cc:75] PrintSharedImageUsageInfo HWIMGDEC - Supported SharedImageBackingFactory with usage: SHARED_IMAGE_USAGE_CPU_UPLOAD (67108864)
01-23 21:01:51.184  6724  8366 D A04500/chromium: [shared_image_util.cc:75] PrintSharedImageUsageInfo HWIMGDEC - Supported SharedImageBackingFactory with usage: SHARED_IMAGE_USAGE_CPU_WRITE (4096)
01-23 21:01:51.184  6724  8366 D A04500/chromium: [shared_image_util.cc:75] PrintSharedImageUsageInfo HWIMGDEC - Supported SharedImageBackingFactory with usage: SHARED_IMAGE_USAGE_RASTER_READ (2)
01-23 21:01:51.184  6724  8366 D A04500/chromium: [shared_image_util.cc:75] PrintSharedImageUsageInfo HWIMGDEC - Supported SharedImageBackingFactory with usage: SHARED_IMAGE_USAGE_DISPLAY_READ (4)
01-23 21:01:51.184  6724  8366 D A04500/chromium: [shared_image_util.cc:75] PrintSharedImageUsageInfo HWIMGDEC - Supported SharedImageBackingFactory with usage: SHARED_IMAGE_USAGE_DISPLAY_WRITE (8)
01-23 21:01:51.184  6724  8366 D A04500/chromium: [shared_image_util.cc:75] PrintSharedImageUsageInfo HWIMGDEC - Supported SharedImageBackingFactory with usage: SHARED_IMAGE_USAGE_OOP_RASTERIZATION (32)
01-23 21:01:51.184  6724  8366 D A04500/chromium: [shared_image_util.cc:75] PrintSharedImageUsageInfo HWIMGDEC - Supported SharedImageBackingFactory with usage: SHARED_IMAGE_USAGE_MIPMAP (2048)
01-23 21:01:51.184  6724  8366 D A04500/chromium: [shared_image_util.cc:75] PrintSharedImageUsageInfo HWIMGDEC - Supported SharedImageBackingFactory with usage: Unknown Usage (1048576)
01-23 21:01:51.185  6724  8366 D A04500/chromium: [shared_image_util.cc:75] PrintSharedImageUsageInfo HWIMGDEC - Supported SharedImageBackingFactory with usage: SHARED_IMAGE_USAGE_CPU_UPLOAD (67108864)
01-23 21:01:51.185  6724  8366 D A04500/chromium: [gpu_finch_features_ext.cc:32] vulkan switch config is: 0, cmd is: false
01-23 21:01:51.185  6724  8366 D A04500/chromium: [gpu_finch_features_ext.cc:54] vulkan drdc enabled 1
01-23 21:01:51.185  6724  8366 D A04500/chromium: [shared_image_util.cc:75] PrintSharedImageUsageInfo HWIMGDEC - Supported SharedImageBackingFactory with usage: SHARED_IMAGE_USAGE_GLES2_READ (1)
01-23 21:01:51.185  6724  8366 D A04500/chromium: [shared_image_util.cc:75] PrintSharedImageUsageInfo HWIMGDEC - Supported SharedImageBackingFactory with usage: SHARED_IMAGE_USAGE_RASTER_READ (2)
01-23 21:01:51.185  6724  8366 D A04500/chromium: [shared_image_util.cc:75] PrintSharedImageUsageInfo HWIMGDEC - Supported SharedImageBackingFactory with usage: SHARED_IMAGE_USAGE_DISPLAY_READ (4)
01-23 21:01:51.185  6724  8366 D A04500/chromium: [shared_image_util.cc:75] PrintSharedImageUsageInfo HWIMGDEC - Supported SharedImageBackingFactory with usage: SHARED_IMAGE_USAGE_DISPLAY_WRITE (8)
01-23 21:01:51.185  6724  8366 D A04500/chromium: [shared_image_util.cc:75] PrintSharedImageUsageInfo HWIMGDEC - Supported SharedImageBackingFactory with usage: SHARED_IMAGE_USAGE_SCANOUT (16)
01-23 21:01:51.185  6724  8366 D A04500/chromium: [shared_image_util.cc:75] PrintSharedImageUsageInfo HWIMGDEC - Supported SharedImageBackingFactory with usage: SHARED_IMAGE_USAGE_OOP_RASTERIZATION (32)
01-23 21:01:51.185  6724  8366 D A04500/chromium: [shared_image_util.cc:75] PrintSharedImageUsageInfo HWIMGDEC - Supported SharedImageBackingFactory with usage: SHARED_IMAGE_USAGE_WEBGPU_READ (64)
01-23 21:01:51.185  6724  8366 D A04500/chromium: [shared_image_util.cc:75] PrintSharedImageUsageInfo HWIMGDEC - Supported SharedImageBackingFactory with usage: SHARED_IMAGE_USAGE_CONCURRENT_READ_WRITE (128)
01-23 21:01:51.185  6724  8366 D A04500/chromium: [shared_image_util.cc:75] PrintSharedImageUsageInfo HWIMGDEC - Supported SharedImageBackingFactory with usage: SHARED_IMAGE_USAGE_WEBGPU_SWAP_CHAIN_TEXTURE (512)
01-23 21:01:51.185  6724  8366 D A04500/chromium: [shared_image_util.cc:75] PrintSharedImageUsageInfo HWIMGDEC - Supported SharedImageBackingFactory with usage: SHARED_IMAGE_USAGE_HIGH_PERFORMANCE_GPU (32768)
01-23 21:01:51.186  6724  8366 D A04500/chromium: [shared_image_util.cc:75] PrintSharedImageUsageInfo HWIMGDEC - Supported SharedImageBackingFactory with usage: SHARED_IMAGE_USAGE_WEBGPU_STORAGE_TEXTURE (262144)
01-23 21:01:51.186  6724  8366 D A04500/chromium: [shared_image_util.cc:75] PrintSharedImageUsageInfo HWIMGDEC - Supported SharedImageBackingFactory with usage: Unknown Usage (524288)
01-23 21:01:51.186  6724  8366 D A04500/chromium: [shared_image_util.cc:75] PrintSharedImageUsageInfo HWIMGDEC - Supported SharedImageBackingFactory with usage: Unknown Usage (1048576)
01-23 21:01:51.186  6724  8366 D A04500/chromium: [shared_image_util.cc:75] PrintSharedImageUsageInfo HWIMGDEC - Supported SharedImageBackingFactory with usage: Unknown Usage (2097152)
01-23 21:01:51.186  6724  8366 D A04500/chromium: [shared_image_util.cc:75] PrintSharedImageUsageInfo HWIMGDEC - Supported SharedImageBackingFactory with usage: Unknown Usage (4194304)
01-23 21:01:51.186  6724  8366 D A04500/chromium: [shared_image_util.cc:75] PrintSharedImageUsageInfo HWIMGDEC - Supported SharedImageBackingFactory with usage: Unknown Usage (8388608)
01-23 21:01:51.186  6724  8366 D A04500/chromium: [shared_image_util.cc:75] PrintSharedImageUsageInfo HWIMGDEC - Supported SharedImageBackingFactory with usage: SHARED_IMAGE_USAGE_CPU_UPLOAD (67108864)
01-23 21:01:51.186  6724  8366 D A04500/chromium: [shared_image_util.cc:75] PrintSharedImageUsageInfo HWIMGDEC - Supported SharedImageBackingFactory with usage: SHARED_IMAGE_USAGE_GLES2_READ (1)
01-23 21:01:51.186  6724  8366 D A04500/chromium: [shared_image_util.cc:75] PrintSharedImageUsageInfo HWIMGDEC - Supported SharedImageBackingFactory with usage: SHARED_IMAGE_USAGE_RASTER_READ (2)
01-23 21:01:51.186  6724  8366 D A04500/chromium: [shared_image_util.cc:75] PrintSharedImageUsageInfo HWIMGDEC - Supported SharedImageBackingFactory with usage: SHARED_IMAGE_USAGE_DISPLAY_READ (4)
01-23 21:01:51.186  6724  8366 D A04500/chromium: [shared_image_util.cc:75] PrintSharedImageUsageInfo HWIMGDEC - Supported SharedImageBackingFactory with usage: SHARED_IMAGE_USAGE_DISPLAY_WRITE (8)
01-23 21:01:51.186  6724  8366 D A04500/chromium: [shared_image_util.cc:75] PrintSharedImageUsageInfo HWIMGDEC - Supported SharedImageBackingFactory with usage: SHARED_IMAGE_USAGE_OOP_RASTERIZATION (32)
